Archive member included to satisfy reference by file (symbol)

c:/progra~1/raspbe~1/picosd~1.1/gcc-ar~1/bin/../lib/gcc/arm-none-eabi/10.3.1/thumb/v6-m/nofp\libgcc.a(_dvmd_tls.o)
                              CMakeFiles/HelloAndBlink.dir/C_/Program_Files/Raspberry_Pi/Pico_SDK_v1.5.1/pico-sdk/src/rp2_common/pico_divider/divider.S.obj (__aeabi_idiv0)
c:/progra~1/raspbe~1/picosd~1.1/gcc-ar~1/bin/../lib/gcc/arm-none-eabi/10.3.1/../../../../arm-none-eabi/lib/thumb/v6-m/nofp\libg.a(lib_a-calloc.o)
                              CMakeFiles/HelloAndBlink.dir/C_/Program_Files/Raspberry_Pi/Pico_SDK_v1.5.1/pico-sdk/src/rp2_common/pico_malloc/pico_malloc.c.obj (calloc)
c:/progra~1/raspbe~1/picosd~1.1/gcc-ar~1/bin/../lib/gcc/arm-none-eabi/10.3.1/../../../../arm-none-eabi/lib/thumb/v6-m/nofp\libg.a(lib_a-callocr.o)
                              c:/progra~1/raspbe~1/picosd~1.1/gcc-ar~1/bin/../lib/gcc/arm-none-eabi/10.3.1/../../../../arm-none-eabi/lib/thumb/v6-m/nofp\libg.a(lib_a-calloc.o) (_calloc_r)
c:/progra~1/raspbe~1/picosd~1.1/gcc-ar~1/bin/../lib/gcc/arm-none-eabi/10.3.1/../../../../arm-none-eabi/lib/thumb/v6-m/nofp\libg.a(lib_a-clock.o)
                              CMakeFiles/HelloAndBlink.dir/helloandblink.c.obj (clock)
c:/progra~1/raspbe~1/picosd~1.1/gcc-ar~1/bin/../lib/gcc/arm-none-eabi/10.3.1/../../../../arm-none-eabi/lib/thumb/v6-m/nofp\libg.a(lib_a-errno.o)
                              c:/progra~1/raspbe~1/picosd~1.1/gcc-ar~1/bin/../lib/gcc/arm-none-eabi/10.3.1/../../../../arm-none-eabi/lib/thumb/v6-m/nofp\libg.a(lib_a-callocr.o) (__errno)
c:/progra~1/raspbe~1/picosd~1.1/gcc-ar~1/bin/../lib/gcc/arm-none-eabi/10.3.1/../../../../arm-none-eabi/lib/thumb/v6-m/nofp\libg.a(lib_a-impure.o)
                              c:/progra~1/raspbe~1/picosd~1.1/gcc-ar~1/bin/../lib/gcc/arm-none-eabi/10.3.1/../../../../arm-none-eabi/lib/thumb/v6-m/nofp\libg.a(lib_a-calloc.o) (_impure_ptr)
c:/progra~1/raspbe~1/picosd~1.1/gcc-ar~1/bin/../lib/gcc/arm-none-eabi/10.3.1/../../../../arm-none-eabi/lib/thumb/v6-m/nofp\libg.a(lib_a-init.o)
                              c:/progra~1/raspbe~1/picosd~1.1/gcc-ar~1/bin/../lib/gcc/arm-none-eabi/10.3.1/../../../../arm-none-eabi/lib/thumb/v6-m/nofp/crt0.o (__libc_init_array)
c:/progra~1/raspbe~1/picosd~1.1/gcc-ar~1/bin/../lib/gcc/arm-none-eabi/10.3.1/../../../../arm-none-eabi/lib/thumb/v6-m/nofp\libg.a(lib_a-malloc.o)
                              CMakeFiles/HelloAndBlink.dir/C_/Program_Files/Raspberry_Pi/Pico_SDK_v1.5.1/pico-sdk/src/rp2_common/pico_malloc/pico_malloc.c.obj (malloc)
c:/progra~1/raspbe~1/picosd~1.1/gcc-ar~1/bin/../lib/gcc/arm-none-eabi/10.3.1/../../../../arm-none-eabi/lib/thumb/v6-m/nofp\libg.a(lib_a-mallocr.o)
                              c:/progra~1/raspbe~1/picosd~1.1/gcc-ar~1/bin/../lib/gcc/arm-none-eabi/10.3.1/../../../../arm-none-eabi/lib/thumb/v6-m/nofp\libg.a(lib_a-callocr.o) (_malloc_r)
c:/progra~1/raspbe~1/picosd~1.1/gcc-ar~1/bin/../lib/gcc/arm-none-eabi/10.3.1/../../../../arm-none-eabi/lib/thumb/v6-m/nofp\libg.a(lib_a-mlock.o)
                              c:/progra~1/raspbe~1/picosd~1.1/gcc-ar~1/bin/../lib/gcc/arm-none-eabi/10.3.1/../../../../arm-none-eabi/lib/thumb/v6-m/nofp\libg.a(lib_a-mallocr.o) (__malloc_lock)
c:/progra~1/raspbe~1/picosd~1.1/gcc-ar~1/bin/../lib/gcc/arm-none-eabi/10.3.1/../../../../arm-none-eabi/lib/thumb/v6-m/nofp\libg.a(lib_a-rand.o)
                              CMakeFiles/HelloAndBlink.dir/helloandblink.c.obj (srand)
c:/progra~1/raspbe~1/picosd~1.1/gcc-ar~1/bin/../lib/gcc/arm-none-eabi/10.3.1/../../../../arm-none-eabi/lib/thumb/v6-m/nofp\libg.a(lib_a-realloc.o)
                              CMakeFiles/HelloAndBlink.dir/C_/Program_Files/Raspberry_Pi/Pico_SDK_v1.5.1/pico-sdk/src/rp2_common/pico_malloc/pico_malloc.c.obj (realloc)
c:/progra~1/raspbe~1/picosd~1.1/gcc-ar~1/bin/../lib/gcc/arm-none-eabi/10.3.1/../../../../arm-none-eabi/lib/thumb/v6-m/nofp\libg.a(lib_a-reallocr.o)
                              c:/progra~1/raspbe~1/picosd~1.1/gcc-ar~1/bin/../lib/gcc/arm-none-eabi/10.3.1/../../../../arm-none-eabi/lib/thumb/v6-m/nofp\libg.a(lib_a-realloc.o) (_realloc_r)
c:/progra~1/raspbe~1/picosd~1.1/gcc-ar~1/bin/../lib/gcc/arm-none-eabi/10.3.1/../../../../arm-none-eabi/lib/thumb/v6-m/nofp\libg.a(lib_a-sbrkr.o)
                              c:/progra~1/raspbe~1/picosd~1.1/gcc-ar~1/bin/../lib/gcc/arm-none-eabi/10.3.1/../../../../arm-none-eabi/lib/thumb/v6-m/nofp\libg.a(lib_a-mallocr.o) (_sbrk_r)
c:/progra~1/raspbe~1/picosd~1.1/gcc-ar~1/bin/../lib/gcc/arm-none-eabi/10.3.1/../../../../arm-none-eabi/lib/thumb/v6-m/nofp\libg.a(lib_a-strlen-stub.o)
                              CMakeFiles/HelloAndBlink.dir/C_/Program_Files/Raspberry_Pi/Pico_SDK_v1.5.1/pico-sdk/src/rp2_common/pico_stdio/stdio.c.obj (strlen)
c:/progra~1/raspbe~1/picosd~1.1/gcc-ar~1/bin/../lib/gcc/arm-none-eabi/10.3.1/../../../../arm-none-eabi/lib/thumb/v6-m/nofp\libg.a(lib_a-time.o)
                              CMakeFiles/HelloAndBlink.dir/helloandblink.c.obj (time)
[...]
Memory Configuration

Name             Origin             Length             Attributes
FLASH            0x10000000         0x00200000         xr
RAM              0x20000000         0x00040000         xrw
SCRATCH_X        0x20040000         0x00001000         xrw
SCRATCH_Y        0x20041000         0x00001000         xrw
*default*        0x00000000         0xffffffff

Linker script and memory map

LOAD c:/progra~1/raspbe~1/picosd~1.1/gcc-ar~1/bin/../lib/gcc/arm-none-eabi/10.3.1/thumb/v6-m/nofp/crti.o
LOAD c:/progra~1/raspbe~1/picosd~1.1/gcc-ar~1/bin/../lib/gcc/arm-none-eabi/10.3.1/thumb/v6-m/nofp/crtbegin.o
LOAD c:/progra~1/raspbe~1/picosd~1.1/gcc-ar~1/bin/../lib/gcc/arm-none-eabi/10.3.1/../../../../arm-none-eabi/lib/thumb/v6-m/nofp/crt0.o

.flash_begin    0x10000000        0x0
                0x10000000                __flash_binary_start = .

.boot2          0x10000000      0x100
                0x10000000                __boot2_start__ = .
 *(.boot2)
 .boot2         0x10000000      0x100 C:\Users\Usuario\AppData\Local\Temp\cc4UfyZe.o
                0x10000100                __boot2_end__ = .
                0x00000001                ASSERT (((__boot2_end__ - __boot2_start__) == 0x100), ERROR: Pico second stage bootloader must be 256 bytes in size)

.text           0x10000100     0x7240
                0x10000100                __logical_binary_start = .
 *(.vectors)
 .vectors       0x10000100       0xd4 CMakeFiles/HelloAndBlink.dir/C_/Program_Files/Raspberry_Pi/Pico_SDK_v1.5.1/pico-sdk/src/rp2_common/pico_standard_link/crt0.S.obj
                0x10000100                __VECTOR_TABLE
                0x10000100                __vectors
                0x100001c0                isr_invalid
                0x100001c0                __default_isrs_start
                0x100001c2                isr_nmi
                0x100001c4                isr_hardfault
                0x100001c6                isr_svcall
                0x100001c8                isr_pendsv
                0x100001ca                isr_systick
                0x100001cc                isr_irq23
                0x100001cc                isr_irq18
                0x100001cc                isr_irq11
                0x100001cc                isr_irq28
                0x100001cc                isr_irq19
                0x100001cc                isr_irq0
                0x100001cc                isr_irq6
                0x100001cc                isr_irq5
                0x100001cc                isr_irq12
                0x100001cc                isr_irq22
                0x100001cc                isr_irq31
                0x100001cc                isr_irq17
                0x100001cc                isr_irq27
                0x100001cc                isr_irq30
                0x100001cc                isr_irq2
                0x100001cc                isr_irq10
                0x100001cc                isr_irq8
                0x100001cc                isr_irq24
                0x100001cc                isr_irq1
                0x100001cc                isr_irq7
                0x100001cc                isr_irq21
                0x100001cc                isr_irq20
                0x100001cc                isr_irq15
                0x100001cc                isr_irq25
                0x100001cc                isr_irq13
                0x100001cc                __unhandled_user_irq
                0x100001cc                isr_irq4
                0x100001cc                isr_irq16
                0x100001cc                isr_irq29
                0x100001cc                isr_irq26
                0x100001cc                __default_isrs_end
                0x100001cc                isr_irq3
                0x100001cc                isr_irq14
                0x100001cc                isr_irq9
                0x100001d2                unhandled_user_irq_num_in_r0
 *(.binary_info_header)
 .binary_info_header
                0x100001d4       0x14 CMakeFiles/HelloAndBlink.dir/C_/Program_Files/Raspberry_Pi/Pico_SDK_v1.5.1/pico-sdk/src/rp2_common/pico_standard_link/crt0.S.obj
                0x100001e8                __binary_info_header_end = .
 *(.reset)
 .reset         0x100001e8       0xa0 CMakeFiles/HelloAndBlink.dir/C_/Program_Files/Raspberry_Pi/Pico_SDK_v1.5.1/pico-sdk/src/rp2_common/pico_standard_link/crt0.S.obj
                0x100001e8                _entry_point
 .reset         0x10000288       0x30 CMakeFiles/HelloAndBlink.dir/C_/Program_Files/Raspberry_Pi/Pico_SDK_v1.5.1/pico-sdk/src/rp2_common/pico_standard_link/binary_info.c.obj
 *(.init)
 .init          0x100002b8        0x4 c:/progra~1/raspbe~1/picosd~1.1/gcc-ar~1/bin/../lib/gcc/arm-none-eabi/10.3.1/thumb/v6-m/nofp/crti.o
                0x100002b8                _init
 *(EXCLUDE_FILE(*libm.a: *libc.a:*lib_a-mem*.o *libgcc.a:) .text*)
 .text          0x100002bc       0x48 c:/progra~1/raspbe~1/picosd~1.1/gcc-ar~1/bin/../lib/gcc/arm-none-eabi/10.3.1/thumb/v6-m/nofp/crtbegin.o
 .text.timer_callback1
                0x10000304       0x10 CMakeFiles/HelloAndBlink.dir/helloandblink.c.obj
                0x10000304                timer_callback1
 .text.timer_callback2
                0x10000314        0xc CMakeFiles/HelloAndBlink.dir/helloandblink.c.obj
                0x10000314                timer_callback2
 .text.add_repeating_timer_us
                0x10000320       0x24 CMakeFiles/HelloAndBlink.dir/helloandblink.c.obj
 .text.setDisplay
                0x10000344      0x1b0 CMakeFiles/HelloAndBlink.dir/helloandblink.c.obj
                0x10000344                setDisplay
 .text.displayNumber
                0x100004f4      0x22c CMakeFiles/HelloAndBlink.dir/helloandblink.c.obj
                0x100004f4                displayNumber
 .text.imp_val  0x10000720       0x94 CMakeFiles/HelloAndBlink.dir/helloandblink.c.obj
                0x10000720                imp_val
 .text.genNumA  0x100007b4       0x1c CMakeFiles/HelloAndBlink.dir/helloandblink.c.obj
                0x100007b4                genNumA
 .text.verificarTiempoTranscurrido
                0x100007d0       0x54 CMakeFiles/HelloAndBlink.dir/helloandblink.c.obj
                0x100007d0                verificarTiempoTranscurrido
 .text.verificarTiempoTranscurrido2
                0x10000824       0x54 CMakeFiles/HelloAndBlink.dir/helloandblink.c.obj
                0x10000824                verificarTiempoTranscurrido2
 .text.main     0x10000878      0x3fc CMakeFiles/HelloAndBlink.dir/helloandblink.c.obj
                0x10000878                main
 .text.gpio_set_function
                0x10000c74       0x30 CMakeFiles/HelloAndBlink.dir/C_/Program_Files/Raspberry_Pi/Pico_SDK_v1.5.1/pico-sdk/src/rp2_common/hardware_gpio/gpio.c.obj
                0x10000c74                gpio_set_function
 .text.gpio_init
                0x10000ca4       0x16 CMakeFiles/HelloAndBlink.dir/C_/Program_Files/Raspberry_Pi/Pico_SDK_v1.5.1/pico-sdk/src/rp2_common/hardware_gpio/gpio.c.obj
                0x10000ca4                gpio_init
 *fill*         0x10000cba        0x2 
 .text.running_on_fpga
                0x10000cbc       0x14 CMakeFiles/HelloAndBlink.dir/C_/Program_Files/Raspberry_Pi/Pico_SDK_v1.5.1/pico-sdk/src/rp2_common/pico_platform/platform.c.obj
                0x10000cbc                running_on_fpga
 .text.hw_claim_lock
                0x10000cd0       0x18 CMakeFiles/HelloAndBlink.dir/C_/Program_Files/Raspberry_Pi/Pico_SDK_v1.5.1/pico-sdk/src/rp2_common/hardware_claim/claim.c.obj
                0x10000cd0                hw_claim_lock
 .text.hw_claim_unlock
                0x10000ce8       0x14 CMakeFiles/HelloAndBlink.dir/C_/Program_Files/Raspberry_Pi/Pico_SDK_v1.5.1/pico-sdk/src/rp2_common/hardware_claim/claim.c.obj
                0x10000ce8                hw_claim_unlock
 .text.hw_claim_or_assert
                0x10000cfc       0x32 CMakeFiles/HelloAndBlink.dir/C_/Program_Files/Raspberry_Pi/Pico_SDK_v1.5.1/pico-sdk/src/rp2_common/hardware_claim/claim.c.obj
                0x10000cfc                hw_claim_or_assert
 .text.hw_claim_unused_from_range
                0x10000d2e       0x50 CMakeFiles/HelloAndBlink.dir/C_/Program_Files/Raspberry_Pi/Pico_SDK_v1.5.1/pico-sdk/src/rp2_common/hardware_claim/claim.c.obj
                0x10000d2e                hw_claim_unused_from_range
 *fill*         0x10000d7e        0x2 
 .text.spin_locks_reset
                0x10000d80       0x20 CMakeFiles/HelloAndBlink.dir/C_/Program_Files/Raspberry_Pi/Pico_SDK_v1.5.1/pico-sdk/src/rp2_common/hardware_sync/sync.c.obj
                0x10000d80                spin_locks_reset
 .text.next_striped_spin_lock_num
                0x10000da0       0x1c CMakeFiles/HelloAndBlink.dir/C_/Program_Files/Raspberry_Pi/Pico_SDK_v1.5.1/pico-sdk/src/rp2_common/hardware_sync/sync.c.obj
                0x10000da0                next_striped_spin_lock_num
 .text.spin_lock_claim_unused
                0x10000dbc       0x20 CMakeFiles/HelloAndBlink.dir/C_/Program_Files/Raspberry_Pi/Pico_SDK_v1.5.1/pico-sdk/src/rp2_common/hardware_sync/sync.c.obj
                0x10000dbc                spin_lock_claim_unused
 .text.set_raw_irq_handler_and_unlock
                0x10000ddc       0x28 CMakeFiles/HelloAndBlink.dir/C_/Program_Files/Raspberry_Pi/Pico_SDK_v1.5.1/pico-sdk/src/rp2_common/hardware_irq/irq.c.obj
 .text.make_branch
                0x10000e04       0x48 CMakeFiles/HelloAndBlink.dir/C_/Program_Files/Raspberry_Pi/Pico_SDK_v1.5.1/pico-sdk/src/rp2_common/hardware_irq/irq.c.obj
 .text.insert_branch_and_link
                0x10000e4c       0x40 CMakeFiles/HelloAndBlink.dir/C_/Program_Files/Raspberry_Pi/Pico_SDK_v1.5.1/pico-sdk/src/rp2_common/hardware_irq/irq.c.obj
 .text.irq_is_enabled
                0x10000e8c       0x18 CMakeFiles/HelloAndBlink.dir/C_/Program_Files/Raspberry_Pi/Pico_SDK_v1.5.1/pico-sdk/src/rp2_common/hardware_irq/irq.c.obj
                0x10000e8c                irq_is_enabled
 .text.irq_set_mask_enabled
                0x10000ea4       0x20 CMakeFiles/HelloAndBlink.dir/C_/Program_Files/Raspberry_Pi/Pico_SDK_v1.5.1/pico-sdk/src/rp2_common/hardware_irq/irq.c.obj
                0x10000ea4                irq_set_mask_enabled
 .text.irq_set_enabled
                0x10000ec4        0xe CMakeFiles/HelloAndBlink.dir/C_/Program_Files/Raspberry_Pi/Pico_SDK_v1.5.1/pico-sdk/src/rp2_common/hardware_irq/irq.c.obj
                0x10000ec4                irq_set_enabled
 *fill*         0x10000ed2        0x2 
 .text.irq_set_pending
                0x10000ed4       0x10 CMakeFiles/HelloAndBlink.dir/C_/Program_Files/Raspberry_Pi/Pico_SDK_v1.5.1/pico-sdk/src/rp2_common/hardware_irq/irq.c.obj
                0x10000ed4                irq_set_pending
 .text.irq_get_vtable_handler
                0x10000ee4       0x10 CMakeFiles/HelloAndBlink.dir/C_/Program_Files/Raspberry_Pi/Pico_SDK_v1.5.1/pico-sdk/src/rp2_common/hardware_irq/irq.c.obj
                0x10000ee4                irq_get_vtable_handler
 .text.irq_has_shared_handler
                0x10000ef4       0x24 CMakeFiles/HelloAndBlink.dir/C_/Program_Files/Raspberry_Pi/Pico_SDK_v1.5.1/pico-sdk/src/rp2_common/hardware_irq/irq.c.obj
                0x10000ef4                irq_has_shared_handler
 .text.irq_set_exclusive_handler
                0x10000f18       0x54 CMakeFiles/HelloAndBlink.dir/C_/Program_Files/Raspberry_Pi/Pico_SDK_v1.5.1/pico-sdk/src/rp2_common/hardware_irq/irq.c.obj
                0x10000f18                irq_set_exclusive_handler
 .text.irq_add_shared_handler
                0x10000f6c      0x234 CMakeFiles/HelloAndBlink.dir/C_/Program_Files/Raspberry_Pi/Pico_SDK_v1.5.1/pico-sdk/src/rp2_common/hardware_irq/irq.c.obj
                0x10000f6c                irq_add_shared_handler
 .text.irq_remove_handler
                0x100011a0      0x1ac CMakeFiles/HelloAndBlink.dir/C_/Program_Files/Raspberry_Pi/Pico_SDK_v1.5.1/pico-sdk/src/rp2_common/hardware_irq/irq.c.obj
                0x100011a0                irq_remove_handler
 .text.irq_add_tail_to_free_list
                0x1000134c       0xf0 CMakeFiles/HelloAndBlink.dir/C_/Program_Files/Raspberry_Pi/Pico_SDK_v1.5.1/pico-sdk/src/rp2_common/hardware_irq/irq.c.obj
                0x1000134c                irq_add_tail_to_free_list
 .text.irq_init_priorities
                0x1000143c       0x1c CMakeFiles/HelloAndBlink.dir/C_/Program_Files/Raspberry_Pi/Pico_SDK_v1.5.1/pico-sdk/src/rp2_common/hardware_irq/irq.c.obj
                0x1000143c                irq_init_priorities
 .text.user_irq_claim_unused
                0x10001458       0x28 CMakeFiles/HelloAndBlink.dir/C_/Program_Files/Raspberry_Pi/Pico_SDK_v1.5.1/pico-sdk/src/rp2_common/hardware_irq/irq.c.obj
                0x10001458                user_irq_claim_unused
 .text.lock_init
                0x10001480       0x10 CMakeFiles/HelloAndBlink.dir/C_/Program_Files/Raspberry_Pi/Pico_SDK_v1.5.1/pico-sdk/src/common/pico_sync/lock_core.c.obj
                0x10001480                lock_init
 .text.mutex_init
                0x10001490       0x1a CMakeFiles/HelloAndBlink.dir/C_/Program_Files/Raspberry_Pi/Pico_SDK_v1.5.1/pico-sdk/src/common/pico_sync/mutex.c.obj
                0x10001490                mutex_init
 .text.recursive_mutex_init
                0x100014aa       0x1e CMakeFiles/HelloAndBlink.dir/C_/Program_Files/Raspberry_Pi/Pico_SDK_v1.5.1/pico-sdk/src/common/pico_sync/mutex.c.obj
                0x100014aa                recursive_mutex_init
 .text.critical_section_init_with_lock_num
                0x100014c8       0x14 CMakeFiles/HelloAndBlink.dir/C_/Program_Files/Raspberry_Pi/Pico_SDK_v1.5.1/pico-sdk/src/common/pico_sync/critical_section.c.obj
                0x100014c8                critical_section_init_with_lock_num
 .text.critical_section_init
                0x100014dc       0x14 CMakeFiles/HelloAndBlink.dir/C_/Program_Files/Raspberry_Pi/Pico_SDK_v1.5.1/pico-sdk/src/common/pico_sync/critical_section.c.obj
                0x100014dc                critical_section_init
 .text.repeating_timer_callback
                0x100014f0       0x40 CMakeFiles/HelloAndBlink.dir/C_/Program_Files/Raspberry_Pi/Pico_SDK_v1.5.1/pico-sdk/src/common/pico_time/time.c.obj
 .text.alarm_pool_post_alloc_init
                0x10001530       0x40 CMakeFiles/HelloAndBlink.dir/C_/Program_Files/Raspberry_Pi/Pico_SDK_v1.5.1/pico-sdk/src/common/pico_time/time.c.obj
 .text.sleep_until_callback
                0x10001570       0x30 CMakeFiles/HelloAndBlink.dir/C_/Program_Files/Raspberry_Pi/Pico_SDK_v1.5.1/pico-sdk/src/common/pico_time/time.c.obj
 .text.timer_pool_entry_comparator
                0x100015a0       0x7c CMakeFiles/HelloAndBlink.dir/C_/Program_Files/Raspberry_Pi/Pico_SDK_v1.5.1/pico-sdk/src/common/pico_time/time.c.obj
                0x100015a0                timer_pool_entry_comparator
 .text.ph_add_child_node
                0x1000161c       0xa4 CMakeFiles/HelloAndBlink.dir/C_/Program_Files/Raspberry_Pi/Pico_SDK_v1.5.1/pico-sdk/src/common/pico_time/time.c.obj
 .text.ph_merge_nodes
                0x100016c0       0x3e CMakeFiles/HelloAndBlink.dir/C_/Program_Files/Raspberry_Pi/Pico_SDK_v1.5.1/pico-sdk/src/common/pico_time/time.c.obj
 *fill*         0x100016fe        0x2 
 .text.add_alarm_under_lock
                0x10001700      0x174 CMakeFiles/HelloAndBlink.dir/C_/Program_Files/Raspberry_Pi/Pico_SDK_v1.5.1/pico-sdk/src/common/pico_time/time.c.obj
 .text.alarm_pool_alarm_callback
                0x10001874      0x33c CMakeFiles/HelloAndBlink.dir/C_/Program_Files/Raspberry_Pi/Pico_SDK_v1.5.1/pico-sdk/src/common/pico_time/time.c.obj
 .text.alarm_pool_init_default
                0x10001bb0       0x40 CMakeFiles/HelloAndBlink.dir/C_/Program_Files/Raspberry_Pi/Pico_SDK_v1.5.1/pico-sdk/src/common/pico_time/time.c.obj
                0x10001bb0                alarm_pool_init_default
 .text.alarm_pool_get_default
                0x10001bf0       0x2c CMakeFiles/HelloAndBlink.dir/C_/Program_Files/Raspberry_Pi/Pico_SDK_v1.5.1/pico-sdk/src/common/pico_time/time.c.obj
                0x10001bf0                alarm_pool_get_default
 .text.alarm_pool_add_alarm_at
                0x10001c1c      0x168 CMakeFiles/HelloAndBlink.dir/C_/Program_Files/Raspberry_Pi/Pico_SDK_v1.5.1/pico-sdk/src/common/pico_time/time.c.obj
                0x10001c1c                alarm_pool_add_alarm_at
 .text.alarm_pool_cancel_alarm
                0x10001d84       0xf8 CMakeFiles/HelloAndBlink.dir/C_/Program_Files/Raspberry_Pi/Pico_SDK_v1.5.1/pico-sdk/src/common/pico_time/time.c.obj
                0x10001d84                alarm_pool_cancel_alarm
 .text.alarm_pool_core_num
                0x10001e7c        0x4 CMakeFiles/HelloAndBlink.dir/C_/Program_Files/Raspberry_Pi/Pico_SDK_v1.5.1/pico-sdk/src/common/pico_time/time.c.obj
                0x10001e7c                alarm_pool_core_num
 .text.alarm_pool_add_repeating_timer_us
                0x10001e80       0x98 CMakeFiles/HelloAndBlink.dir/C_/Program_Files/Raspberry_Pi/Pico_SDK_v1.5.1/pico-sdk/src/common/pico_time/time.c.obj
                0x10001e80                alarm_pool_add_repeating_timer_us
 .text.sleep_until
                0x10001f18       0xfc CMakeFiles/HelloAndBlink.dir/C_/Program_Files/Raspberry_Pi/Pico_SDK_v1.5.1/pico-sdk/src/common/pico_time/time.c.obj
                0x10001f18                sleep_until
 .text.sleep_us
                0x10002014       0x58 CMakeFiles/HelloAndBlink.dir/C_/Program_Files/Raspberry_Pi/Pico_SDK_v1.5.1/pico-sdk/src/common/pico_time/time.c.obj
                0x10002014                sleep_us
 .text.sleep_ms
                0x1000206c       0x14 CMakeFiles/HelloAndBlink.dir/C_/Program_Files/Raspberry_Pi/Pico_SDK_v1.5.1/pico-sdk/src/common/pico_time/time.c.obj
                0x1000206c                sleep_ms
 .text.best_effort_wfe_or_timeout
                0x10002080       0xac CMakeFiles/HelloAndBlink.dir/C_/Program_Files/Raspberry_Pi/Pico_SDK_v1.5.1/pico-sdk/src/common/pico_time/time.c.obj
                0x10002080                best_effort_wfe_or_timeout
 .text.hardware_alarm_irq_handler
                0x1000212c       0x90 CMakeFiles/HelloAndBlink.dir/C_/Program_Files/Raspberry_Pi/Pico_SDK_v1.5.1/pico-sdk/src/rp2_common/hardware_timer/timer.c.obj
 .text.hardware_alarm_claim
                0x100021bc       0x18 CMakeFiles/HelloAndBlink.dir/C_/Program_Files/Raspberry_Pi/Pico_SDK_v1.5.1/pico-sdk/src/rp2_common/hardware_timer/timer.c.obj
                0x100021bc                hardware_alarm_claim
 .text.time_us_64
                0x100021d4       0x18 CMakeFiles/HelloAndBlink.dir/C_/Program_Files/Raspberry_Pi/Pico_SDK_v1.5.1/pico-sdk/src/rp2_common/hardware_timer/timer.c.obj
                0x100021d4                time_us_64
 .text.busy_wait_until
                0x100021ec       0x28 CMakeFiles/HelloAndBlink.dir/C_/Program_Files/Raspberry_Pi/Pico_SDK_v1.5.1/pico-sdk/src/rp2_common/hardware_timer/timer.c.obj
                0x100021ec                busy_wait_until
 .text.hardware_alarm_set_callback
                0x10002214       0x90 CMakeFiles/HelloAndBlink.dir/C_/Program_Files/Raspberry_Pi/Pico_SDK_v1.5.1/pico-sdk/src/rp2_common/hardware_timer/timer.c.obj
                0x10002214                hardware_alarm_set_callback
 .text.hardware_alarm_set_target
                0x100022a4       0xe8 CMakeFiles/HelloAndBlink.dir/C_/Program_Files/Raspberry_Pi/Pico_SDK_v1.5.1/pico-sdk/src/rp2_common/hardware_timer/timer.c.obj
                0x100022a4                hardware_alarm_set_target
 .text.hardware_alarm_cancel
                0x1000238c       0x40 CMakeFiles/HelloAndBlink.dir/C_/Program_Files/Raspberry_Pi/Pico_SDK_v1.5.1/pico-sdk/src/rp2_common/hardware_timer/timer.c.obj
                0x1000238c                hardware_alarm_cancel
 .text.ph_add_child_node
                0x100023cc       0xa4 CMakeFiles/HelloAndBlink.dir/C_/Program_Files/Raspberry_Pi/Pico_SDK_v1.5.1/pico-sdk/src/common/pico_util/pheap.c.obj
 .text.ph_merge_nodes
                0x10002470       0x3e CMakeFiles/HelloAndBlink.dir/C_/Program_Files/Raspberry_Pi/Pico_SDK_v1.5.1/pico-sdk/src/common/pico_util/pheap.c.obj
 *fill*         0x100024ae        0x2 
 .text.ph_clear
                0x100024b0       0x70 CMakeFiles/HelloAndBlink.dir/C_/Program_Files/Raspberry_Pi/Pico_SDK_v1.5.1/pico-sdk/src/common/pico_util/pheap.c.obj
                0x100024b0                ph_clear
 .text.ph_post_alloc_init
                0x10002520        0xe CMakeFiles/HelloAndBlink.dir/C_/Program_Files/Raspberry_Pi/Pico_SDK_v1.5.1/pico-sdk/src/common/pico_util/pheap.c.obj
                0x10002520                ph_post_alloc_init
 *fill*         0x1000252e        0x2 
 .text.ph_merge_two_pass
                0x10002530       0xa8 CMakeFiles/HelloAndBlink.dir/C_/Program_Files/Raspberry_Pi/Pico_SDK_v1.5.1/pico-sdk/src/common/pico_util/pheap.c.obj
                0x10002530                ph_merge_two_pass
 .text.ph_remove_any_head
                0x100025d8      0x128 CMakeFiles/HelloAndBlink.dir/C_/Program_Files/Raspberry_Pi/Pico_SDK_v1.5.1/pico-sdk/src/common/pico_util/pheap.c.obj
 .text.ph_remove_head
                0x10002700       0x14 CMakeFiles/HelloAndBlink.dir/C_/Program_Files/Raspberry_Pi/Pico_SDK_v1.5.1/pico-sdk/src/common/pico_util/pheap.c.obj
                0x10002700                ph_remove_head
 .text.ph_remove_and_free_node
                0x10002714       0xf8 CMakeFiles/HelloAndBlink.dir/C_/Program_Files/Raspberry_Pi/Pico_SDK_v1.5.1/pico-sdk/src/common/pico_util/pheap.c.obj
                0x10002714                ph_remove_and_free_node
 .text.clock_configure
                0x1000280c      0x108 CMakeFiles/HelloAndBlink.dir/C_/Program_Files/Raspberry_Pi/Pico_SDK_v1.5.1/pico-sdk/src/rp2_common/hardware_clocks/clocks.c.obj
                0x1000280c                clock_configure
 .text.clocks_init
                0x10002914      0x100 CMakeFiles/HelloAndBlink.dir/C_/Program_Files/Raspberry_Pi/Pico_SDK_v1.5.1/pico-sdk/src/rp2_common/hardware_clocks/clocks.c.obj
                0x10002914                clocks_init
 .text.pll_init
                0x10002a14      0x120 CMakeFiles/HelloAndBlink.dir/C_/Program_Files/Raspberry_Pi/Pico_SDK_v1.5.1/pico-sdk/src/rp2_common/hardware_pll/pll.c.obj
                0x10002a14                pll_init
 .text.watchdog_start_tick
                0x10002b34       0x10 CMakeFiles/HelloAndBlink.dir/C_/Program_Files/Raspberry_Pi/Pico_SDK_v1.5.1/pico-sdk/src/rp2_common/hardware_watchdog/watchdog.c.obj
                0x10002b34                watchdog_start_tick
 .text.watchdog_update
                0x10002b44       0x14 CMakeFiles/HelloAndBlink.dir/C_/Program_Files/Raspberry_Pi/Pico_SDK_v1.5.1/pico-sdk/src/rp2_common/hardware_watchdog/watchdog.c.obj
                0x10002b44                watchdog_update
 .text._watchdog_enable
                0x10002b58       0x78 CMakeFiles/HelloAndBlink.dir/C_/Program_Files/Raspberry_Pi/Pico_SDK_v1.5.1/pico-sdk/src/rp2_common/hardware_watchdog/watchdog.c.obj
                0x10002b58                _watchdog_enable
 .text.watchdog_reboot
                0x10002bd0       0x48 CMakeFiles/HelloAndBlink.dir/C_/Program_Files/Raspberry_Pi/Pico_SDK_v1.5.1/pico-sdk/src/rp2_common/hardware_watchdog/watchdog.c.obj
                0x10002bd0                watchdog_reboot
 .text.xosc_init
                0x10002c18       0x28 CMakeFiles/HelloAndBlink.dir/C_/Program_Files/Raspberry_Pi/Pico_SDK_v1.5.1/pico-sdk/src/rp2_common/hardware_xosc/xosc.c.obj
                0x10002c18                xosc_init
 .text._exit    0x10002c40        0x4 CMakeFiles/HelloAndBlink.dir/C_/Program_Files/Raspberry_Pi/Pico_SDK_v1.5.1/pico-sdk/src/rp2_common/pico_runtime/runtime.c.obj
                0x10002c40                _exit
 .text.exit     0x10002c44        0x6 CMakeFiles/HelloAndBlink.dir/C_/Program_Files/Raspberry_Pi/Pico_SDK_v1.5.1/pico-sdk/src/rp2_common/pico_runtime/runtime.c.obj
                0x10002c44                exit
 *fill*         0x10002c4a        0x2 
 .text.__assert_func
                0x10002c4c       0x3c CMakeFiles/HelloAndBlink.dir/C_/Program_Files/Raspberry_Pi/Pico_SDK_v1.5.1/pico-sdk/src/rp2_common/pico_runtime/runtime.c.obj
                0x10002c4c                __assert_func
 .text.runtime_init
                0x10002c88       0xf8 CMakeFiles/HelloAndBlink.dir/C_/Program_Files/Raspberry_Pi/Pico_SDK_v1.5.1/pico-sdk/src/rp2_common/pico_runtime/runtime.c.obj
                0x10002c88                runtime_init
 .text._gettimeofday
                0x10002d80       0x5c CMakeFiles/HelloAndBlink.dir/C_/Program_Files/Raspberry_Pi/Pico_SDK_v1.5.1/pico-sdk/src/rp2_common/pico_runtime/runtime.c.obj
                0x10002d80                _gettimeofday
 .text._times   0x10002ddc       0x40 CMakeFiles/HelloAndBlink.dir/C_/Program_Files/Raspberry_Pi/Pico_SDK_v1.5.1/pico-sdk/src/rp2_common/pico_runtime/runtime.c.obj
                0x10002ddc                _times
 .text.panic    0x10002e1c       0x30 CMakeFiles/HelloAndBlink.dir/C_/Program_Files/Raspberry_Pi/Pico_SDK_v1.5.1/pico-sdk/src/rp2_common/pico_runtime/runtime.c.obj
                0x10002e1c                panic
 .text._out_null
                0x10002e4c        0x2 CMakeFiles/HelloAndBlink.dir/C_/Program_Files/Raspberry_Pi/Pico_SDK_v1.5.1/pico-sdk/src/rp2_common/pico_printf/printf.c.obj
 .text._out_fct
                0x10002e4e        0xe CMakeFiles/HelloAndBlink.dir/C_/Program_Files/Raspberry_Pi/Pico_SDK_v1.5.1/pico-sdk/src/rp2_common/pico_printf/printf.c.obj
 .text._atoi    0x10002e5c       0x24 CMakeFiles/HelloAndBlink.dir/C_/Program_Files/Raspberry_Pi/Pico_SDK_v1.5.1/pico-sdk/src/rp2_common/pico_printf/printf.c.obj
 .text._out_rev
                0x10002e80       0xae CMakeFiles/HelloAndBlink.dir/C_/Program_Files/Raspberry_Pi/Pico_SDK_v1.5.1/pico-sdk/src/rp2_common/pico_printf/printf.c.obj
 .text._ntoa_format
                0x10002f2e      0x112 CMakeFiles/HelloAndBlink.dir/C_/Program_Files/Raspberry_Pi/Pico_SDK_v1.5.1/pico-sdk/src/rp2_common/pico_printf/printf.c.obj
 .text._ntoa_long
                0x10003040       0xbc CMakeFiles/HelloAndBlink.dir/C_/Program_Files/Raspberry_Pi/Pico_SDK_v1.5.1/pico-sdk/src/rp2_common/pico_printf/printf.c.obj
 .text._ntoa_long_long
                0x100030fc       0xe2 CMakeFiles/HelloAndBlink.dir/C_/Program_Files/Raspberry_Pi/Pico_SDK_v1.5.1/pico-sdk/src/rp2_common/pico_printf/printf.c.obj
 *fill*         0x100031de        0x2 
 .text._etoa    0x100031e0      0x414 CMakeFiles/HelloAndBlink.dir/C_/Program_Files/Raspberry_Pi/Pico_SDK_v1.5.1/pico-sdk/src/rp2_common/pico_printf/printf.c.obj
 .text._ftoa    0x100035f4      0x354 CMakeFiles/HelloAndBlink.dir/C_/Program_Files/Raspberry_Pi/Pico_SDK_v1.5.1/pico-sdk/src/rp2_common/pico_printf/printf.c.obj
 .text._vsnprintf
                0x10003948      0x624 CMakeFiles/HelloAndBlink.dir/C_/Program_Files/Raspberry_Pi/Pico_SDK_v1.5.1/pico-sdk/src/rp2_common/pico_printf/printf.c.obj
 .text.vfctprintf
                0x10003f6c       0x20 CMakeFiles/HelloAndBlink.dir/C_/Program_Files/Raspberry_Pi/Pico_SDK_v1.5.1/pico-sdk/src/rp2_common/pico_printf/printf.c.obj
                0x10003f6c                vfctprintf
 .text          0x10003f8c       0x10 CMakeFiles/HelloAndBlink.dir/C_/Program_Files/Raspberry_Pi/Pico_SDK_v1.5.1/pico-sdk/src/rp2_common/pico_bit_ops/bit_ops_aeabi.S.obj
 .text.rom_func_lookup
                0x10003f9c       0x10 CMakeFiles/HelloAndBlink.dir/C_/Program_Files/Raspberry_Pi/Pico_SDK_v1.5.1/pico-sdk/src/rp2_common/pico_bootrom/bootrom.c.obj
                0x10003f9c                rom_func_lookup
 .text.rom_data_lookup
                0x10003fac       0x10 CMakeFiles/HelloAndBlink.dir/C_/Program_Files/Raspberry_Pi/Pico_SDK_v1.5.1/pico-sdk/src/rp2_common/pico_bootrom/bootrom.c.obj
                0x10003fac                rom_data_lookup
 .text.rom_funcs_lookup
                0x10003fbc       0x36 CMakeFiles/HelloAndBlink.dir/C_/Program_Files/Raspberry_Pi/Pico_SDK_v1.5.1/pico-sdk/src/rp2_common/pico_bootrom/bootrom.c.obj
                0x10003fbc                rom_funcs_lookup
 *fill*         0x10003ff2        0x2 
 .text.__wrap___aeabi_idiv
                0x10003ff4       0x50 CMakeFiles/HelloAndBlink.dir/C_/Program_Files/Raspberry_Pi/Pico_SDK_v1.5.1/pico-sdk/src/rp2_common/pico_divider/divider.S.obj
                0x10003ff4                __wrap___aeabi_idivmod
                0x10003ff4                divmod_s32s32
                0x10003ff4                div_s32s32
                0x10003ff4                __wrap___aeabi_idiv
                0x10003ffc                divmod_s32s32_unsafe
                0x10004028                divmod_s32s32_savestate
 .text.__wrap___aeabi_uidiv
                0x10004044       0x4c CMakeFiles/HelloAndBlink.dir/C_/Program_Files/Raspberry_Pi/Pico_SDK_v1.5.1/pico-sdk/src/rp2_common/pico_divider/divider.S.obj
                0x10004044                __wrap___aeabi_uidiv
                0x10004044                __wrap___aeabi_uidivmod
                0x10004044                div_u32u32
                0x10004044                divmod_u32u32
                0x1000404c                divmod_u32u32_unsafe
                0x10004074                divmod_u32u32_savestate
 .text.__wrap___aeabi_ldiv
                0x10004090      0x424 CMakeFiles/HelloAndBlink.dir/C_/Program_Files/Raspberry_Pi/Pico_SDK_v1.5.1/pico-sdk/src/rp2_common/pico_divider/divider.S.obj
                0x10004090                div_s64s64
                0x10004090                divmod_s64s64
                0x10004090                __wrap___aeabi_ldivmod
                0x100040c0                divmod_u64u64
                0x100040c0                div_u64u64
                0x100040c0                __wrap___aeabi_uldivmod
                0x100040d0                divmod_u64u64_savestate
                0x100040f0                divmod_s64s64_unsafe
                0x10004178                divmod_u64u64_unsafe
 .text.__wrap___aeabi_darithmetic
                0x100044b4       0x60 CMakeFiles/HelloAndBlink.dir/C_/Program_Files/Raspberry_Pi/Pico_SDK_v1.5.1/pico-sdk/src/rp2_common/pico_double/double_aeabi.S.obj
                0x100044b4                __wrap___aeabi_drsub
                0x100044ba                __wrap___aeabi_dsub
                0x100044c4                __wrap___aeabi_dadd
                0x100044ce                __wrap___aeabi_ddiv
                0x10004502                __wrap___aeabi_dmul
 .text.__wrap___aeabi_cdcmple
                0x10004514       0x6c CMakeFiles/HelloAndBlink.dir/C_/Program_Files/Raspberry_Pi/Pico_SDK_v1.5.1/pico-sdk/src/rp2_common/pico_double/double_aeabi.S.obj
                0x10004514                __wrap___aeabi_cdrcmple
                0x10004524                __wrap___aeabi_cdcmpeq
                0x10004524                __wrap___aeabi_cdcmple
 .text.__wrap___aeabi_dcmplt
                0x10004580        0xc CMakeFiles/HelloAndBlink.dir/C_/Program_Files/Raspberry_Pi/Pico_SDK_v1.5.1/pico-sdk/src/rp2_common/pico_double/double_aeabi.S.obj
                0x10004580                __wrap___aeabi_dcmplt
 .text.__wrap___aeabi_dcmple
                0x1000458c       0x10 CMakeFiles/HelloAndBlink.dir/C_/Program_Files/Raspberry_Pi/Pico_SDK_v1.5.1/pico-sdk/src/rp2_common/pico_double/double_aeabi.S.obj
                0x1000458c                __wrap___aeabi_dcmple
 .text.__wrap___aeabi_dcmpge
                0x1000459c       0x10 CMakeFiles/HelloAndBlink.dir/C_/Program_Files/Raspberry_Pi/Pico_SDK_v1.5.1/pico-sdk/src/rp2_common/pico_double/double_aeabi.S.obj
                0x1000459c                __wrap___aeabi_dcmpge
 .text.__wrap___aeabi_dcmpgt
                0x100045ac        0xa CMakeFiles/HelloAndBlink.dir/C_/Program_Files/Raspberry_Pi/Pico_SDK_v1.5.1/pico-sdk/src/rp2_common/pico_double/double_aeabi.S.obj
                0x100045ac                __wrap___aeabi_dcmpgt
 .text.__wrap___aeabi_dcmpun
                0x100045b6       0x1c CMakeFiles/HelloAndBlink.dir/C_/Program_Files/Raspberry_Pi/Pico_SDK_v1.5.1/pico-sdk/src/rp2_common/pico_double/double_aeabi.S.obj
                0x100045b6                __wrap___aeabi_dcmpun
 *fill*         0x100045d2        0x2 
 .text.__wrap___aeabi_i2d
                0x100045d4       0x38 CMakeFiles/HelloAndBlink.dir/C_/Program_Files/Raspberry_Pi/Pico_SDK_v1.5.1/pico-sdk/src/rp2_common/pico_double/double_aeabi.S.obj
                0x100045d4                __wrap___aeabi_ui2d
                0x100045dc                __wrap___aeabi_i2d
 .text.__wrap___aeabi_d2iz
                0x1000460c       0x48 CMakeFiles/HelloAndBlink.dir/C_/Program_Files/Raspberry_Pi/Pico_SDK_v1.5.1/pico-sdk/src/rp2_common/pico_double/double_aeabi.S.obj
                0x1000460c                double2int_z
                0x1000460c                __wrap___aeabi_d2iz
 .text.__wrap___aeabi_d2uiz
                0x10004654       0x10 CMakeFiles/HelloAndBlink.dir/C_/Program_Files/Raspberry_Pi/Pico_SDK_v1.5.1/pico-sdk/src/rp2_common/pico_double/double_aeabi.S.obj
                0x10004654                __wrap___aeabi_d2uiz
                0x10004654                double2uint
 .text.missing_double_func_shim
                0x10004664        0xc CMakeFiles/HelloAndBlink.dir/C_/Program_Files/Raspberry_Pi/Pico_SDK_v1.5.1/pico-sdk/src/rp2_common/pico_double/double_init_rom.c.obj
 .text.__aeabi_double_init
                0x10004670       0xcc CMakeFiles/HelloAndBlink.dir/C_/Program_Files/Raspberry_Pi/Pico_SDK_v1.5.1/pico-sdk/src/rp2_common/pico_double/double_init_rom.c.obj
                0x10004670                __aeabi_double_init
 .text.double_table_shim_on_use_helper
                0x1000473c       0x34 CMakeFiles/HelloAndBlink.dir/C_/Program_Files/Raspberry_Pi/Pico_SDK_v1.5.1/pico-sdk/src/rp2_common/pico_double/double_v1_rom_shim.S.obj
                0x1000473c                double_table_shim_on_use_helper
 .text.__aeabi_lmul
                0x10004770       0x32 CMakeFiles/HelloAndBlink.dir/ae783cfadb10a0055c655bcf0b179659/pico-sdk/src/rp2_common/pico_int64_ops/pico_int64_ops_aeabi.S.obj
                0x10004770                __wrap___aeabi_lmul
 *fill*         0x100047a2        0x2 
 .text.missing_float_func_shim
                0x100047a4        0xc CMakeFiles/HelloAndBlink.dir/C_/Program_Files/Raspberry_Pi/Pico_SDK_v1.5.1/pico-sdk/src/rp2_common/pico_float/float_init_rom.c.obj
 .text.__aeabi_float_init
                0x100047b0       0x88 CMakeFiles/HelloAndBlink.dir/C_/Program_Files/Raspberry_Pi/Pico_SDK_v1.5.1/pico-sdk/src/rp2_common/pico_float/float_init_rom.c.obj
                0x100047b0                __aeabi_float_init
 .text          0x10004838       0x10 CMakeFiles/HelloAndBlink.dir/C_/Program_Files/Raspberry_Pi/Pico_SDK_v1.5.1/pico-sdk/src/rp2_common/pico_mem_ops/mem_ops_aeabi.S.obj
                0x10004838                __aeabi_mem_init
 .text.memset   0x10004848        0xc CMakeFiles/HelloAndBlink.dir/C_/Program_Files/Raspberry_Pi/Pico_SDK_v1.5.1/pico-sdk/src/rp2_common/pico_mem_ops/mem_ops_aeabi.S.obj
                0x10004848                __wrap_memset
 .text.memcpy   0x10004854        0xc CMakeFiles/HelloAndBlink.dir/C_/Program_Files/Raspberry_Pi/Pico_SDK_v1.5.1/pico-sdk/src/rp2_common/pico_mem_ops/mem_ops_aeabi.S.obj
                0x10004854                __wrap_memcpy
                0x10004854                __wrap___aeabi_memcpy
 .text.stdio_out_chars_no_crlf
                0x10004860        0xe CMakeFiles/HelloAndBlink.dir/C_/Program_Files/Raspberry_Pi/Pico_SDK_v1.5.1/pico-sdk/src/rp2_common/pico_stdio/stdio.c.obj
 *fill*         0x1000486e        0x2 
 .text.stdio_out_chars_crlf
                0x10004870       0x80 CMakeFiles/HelloAndBlink.dir/C_/Program_Files/Raspberry_Pi/Pico_SDK_v1.5.1/pico-sdk/src/rp2_common/pico_stdio/stdio.c.obj
 .text.stdio_stack_buffer_flush
                0x100048f0       0x44 CMakeFiles/HelloAndBlink.dir/C_/Program_Files/Raspberry_Pi/Pico_SDK_v1.5.1/pico-sdk/src/rp2_common/pico_stdio/stdio.c.obj
 .text.stdio_buffered_printer
                0x10004934       0x20 CMakeFiles/HelloAndBlink.dir/C_/Program_Files/Raspberry_Pi/Pico_SDK_v1.5.1/pico-sdk/src/rp2_common/pico_stdio/stdio.c.obj
 .text.stdout_serialize_begin
                0x10004954       0x5c CMakeFiles/HelloAndBlink.dir/C_/Program_Files/Raspberry_Pi/Pico_SDK_v1.5.1/pico-sdk/src/rp2_common/pico_stdio/stdio.c.obj
                0x10004954                stdout_serialize_begin
 .text.stdout_serialize_end
                0x100049b0       0x10 CMakeFiles/HelloAndBlink.dir/C_/Program_Files/Raspberry_Pi/Pico_SDK_v1.5.1/pico-sdk/src/rp2_common/pico_stdio/stdio.c.obj
                0x100049b0                stdout_serialize_end
 .text.stdio_put_string
                0x100049c0       0x98 CMakeFiles/HelloAndBlink.dir/C_/Program_Files/Raspberry_Pi/Pico_SDK_v1.5.1/pico-sdk/src/rp2_common/pico_stdio/stdio.c.obj
 .text.stdio_set_driver_enabled
                0x10004a58       0x2c CMakeFiles/HelloAndBlink.dir/C_/Program_Files/Raspberry_Pi/Pico_SDK_v1.5.1/pico-sdk/src/rp2_common/pico_stdio/stdio.c.obj
                0x10004a58                stdio_set_driver_enabled
 .text.stdio_flush
                0x10004a84       0x20 CMakeFiles/HelloAndBlink.dir/C_/Program_Files/Raspberry_Pi/Pico_SDK_v1.5.1/pico-sdk/src/rp2_common/pico_stdio/stdio.c.obj
                0x10004a84                stdio_flush
 .text.__wrap_puts
                0x10004aa4       0x1e CMakeFiles/HelloAndBlink.dir/C_/Program_Files/Raspberry_Pi/Pico_SDK_v1.5.1/pico-sdk/src/rp2_common/pico_stdio/stdio.c.obj
                0x10004aa4                __wrap_puts
 *fill*         0x10004ac2        0x2 
 .text.__wrap_vprintf
                0x10004ac4       0x40 CMakeFiles/HelloAndBlink.dir/C_/Program_Files/Raspberry_Pi/Pico_SDK_v1.5.1/pico-sdk/src/rp2_common/pico_stdio/stdio.c.obj
                0x10004ac4                __wrap_vprintf
 .text.__wrap_printf
                0x10004b04       0x18 CMakeFiles/HelloAndBlink.dir/C_/Program_Files/Raspberry_Pi/Pico_SDK_v1.5.1/pico-sdk/src/rp2_common/pico_stdio/stdio.c.obj
                0x10004b04                __wrap_printf
 .text.stdio_init_all
                0x10004b1c        0x8 CMakeFiles/HelloAndBlink.dir/C_/Program_Files/Raspberry_Pi/Pico_SDK_v1.5.1/pico-sdk/src/rp2_common/pico_stdio/stdio.c.obj
                0x10004b1c                stdio_init_all
 .text.resetd_init
                0x10004b24        0x2 CMakeFiles/HelloAndBlink.dir/C_/Program_Files/Raspberry_Pi/Pico_SDK_v1.5.1/pico-sdk/src/rp2_common/pico_stdio_usb/reset_interface.c.obj
 *fill*         0x10004b26        0x2 
 .text.resetd_reset
                0x10004b28        0xc CMakeFiles/HelloAndBlink.dir/C_/Program_Files/Raspberry_Pi/Pico_SDK_v1.5.1/pico-sdk/src/rp2_common/pico_stdio_usb/reset_interface.c.obj
 .text.resetd_open
                0x10004b34       0x34 CMakeFiles/HelloAndBlink.dir/C_/Program_Files/Raspberry_Pi/Pico_SDK_v1.5.1/pico-sdk/src/rp2_common/pico_stdio_usb/reset_interface.c.obj
 .text.resetd_xfer_cb
                0x10004b68        0x4 CMakeFiles/HelloAndBlink.dir/C_/Program_Files/Raspberry_Pi/Pico_SDK_v1.5.1/pico-sdk/src/rp2_common/pico_stdio_usb/reset_interface.c.obj
 .text.reset_usb_boot
                0x10004b6c       0x18 CMakeFiles/HelloAndBlink.dir/C_/Program_Files/Raspberry_Pi/Pico_SDK_v1.5.1/pico-sdk/src/rp2_common/pico_stdio_usb/reset_interface.c.obj
 .text.resetd_control_xfer_cb
                0x10004b84       0x5c CMakeFiles/HelloAndBlink.dir/C_/Program_Files/Raspberry_Pi/Pico_SDK_v1.5.1/pico-sdk/src/rp2_common/pico_stdio_usb/reset_interface.c.obj
 .text.usbd_app_driver_get_cb
                0x10004be0        0xc CMakeFiles/HelloAndBlink.dir/C_/Program_Files/Raspberry_Pi/Pico_SDK_v1.5.1/pico-sdk/src/rp2_common/pico_stdio_usb/reset_interface.c.obj
                0x10004be0                usbd_app_driver_get_cb
 .text.tud_cdc_line_coding_cb
                0x10004bec       0x28 CMakeFiles/HelloAndBlink.dir/C_/Program_Files/Raspberry_Pi/Pico_SDK_v1.5.1/pico-sdk/src/rp2_common/pico_stdio_usb/reset_interface.c.obj
                0x10004bec                tud_cdc_line_coding_cb
 .text.stdio_usb_set_chars_available_callback
                0x10004c14       0x14 CMakeFiles/HelloAndBlink.dir/C_/Program_Files/Raspberry_Pi/Pico_SDK_v1.5.1/pico-sdk/src/rp2_common/pico_stdio_usb/stdio_usb.c.obj
                0x10004c14                stdio_usb_set_chars_available_callback
 .text.usb_irq  0x10004c28       0x10 CMakeFiles/HelloAndBlink.dir/C_/Program_Files/Raspberry_Pi/Pico_SDK_v1.5.1/pico-sdk/src/rp2_common/pico_stdio_usb/stdio_usb.c.obj
 .text.timer_task
                0x10004c38       0x5c CMakeFiles/HelloAndBlink.dir/C_/Program_Files/Raspberry_Pi/Pico_SDK_v1.5.1/pico-sdk/src/rp2_common/pico_stdio_usb/stdio_usb.c.obj
 .text.low_priority_worker_irq
                0x10004c94       0xdc CMakeFiles/HelloAndBlink.dir/C_/Program_Files/Raspberry_Pi/Pico_SDK_v1.5.1/pico-sdk/src/rp2_common/pico_stdio_usb/stdio_usb.c.obj
 .text.tud_cdc_rx_cb
                0x10004d70       0x20 CMakeFiles/HelloAndBlink.dir/C_/Program_Files/Raspberry_Pi/Pico_SDK_v1.5.1/pico-sdk/src/rp2_common/pico_stdio_usb/stdio_usb.c.obj
                0x10004d70                tud_cdc_rx_cb
 .text.stdio_usb_init
                0x10004d90      0x11c CMakeFiles/HelloAndBlink.dir/C_/Program_Files/Raspberry_Pi/Pico_SDK_v1.5.1/pico-sdk/src/rp2_common/pico_stdio_usb/stdio_usb.c.obj
                0x10004d90                stdio_usb_init
 .text.stdio_usb_connected
                0x10004eac        0xa CMakeFiles/HelloAndBlink.dir/C_/Program_Files/Raspberry_Pi/Pico_SDK_v1.5.1/pico-sdk/src/rp2_common/pico_stdio_usb/stdio_usb.c.obj
                0x10004eac                stdio_usb_connected
 *fill*         0x10004eb6        0x2 
 .text.stdio_usb_in_chars
                0x10004eb8       0xc4 CMakeFiles/HelloAndBlink.dir/C_/Program_Files/Raspberry_Pi/Pico_SDK_v1.5.1/pico-sdk/src/rp2_common/pico_stdio_usb/stdio_usb.c.obj
                0x10004eb8                stdio_usb_in_chars
 .text.stdio_usb_out_chars
                0x10004f7c      0x114 CMakeFiles/HelloAndBlink.dir/C_/Program_Files/Raspberry_Pi/Pico_SDK_v1.5.1/pico-sdk/src/rp2_common/pico_stdio_usb/stdio_usb.c.obj
 .text.tud_descriptor_device_cb
                0x10005090        0x8 CMakeFiles/HelloAndBlink.dir/ae783cfadb10a0055c655bcf0b179659/pico-sdk/src/rp2_common/pico_stdio_usb/stdio_usb_descriptors.c.obj
                0x10005090                tud_descriptor_device_cb
 .text.tud_descriptor_configuration_cb
                0x10005098        0x8 CMakeFiles/HelloAndBlink.dir/ae783cfadb10a0055c655bcf0b179659/pico-sdk/src/rp2_common/pico_stdio_usb/stdio_usb_descriptors.c.obj
                0x10005098                tud_descriptor_configuration_cb
 .text.tud_descriptor_string_cb
                0x100050a0       0x6c CMakeFiles/HelloAndBlink.dir/ae783cfadb10a0055c655bcf0b179659/pico-sdk/src/rp2_common/pico_stdio_usb/stdio_usb_descriptors.c.obj
                0x100050a0                tud_descriptor_string_cb
 .text._retrieve_unique_id_on_boot
                0x1000510c       0x10 CMakeFiles/HelloAndBlink.dir/C_/Program_Files/Raspberry_Pi/Pico_SDK_v1.5.1/pico-sdk/src/rp2_common/pico_unique_id/unique_id.c.obj
 .text.pico_get_unique_board_id_string
                0x1000511c       0x60 CMakeFiles/HelloAndBlink.dir/C_/Program_Files/Raspberry_Pi/Pico_SDK_v1.5.1/pico-sdk/src/rp2_common/pico_unique_id/unique_id.c.obj
                0x1000511c                pico_get_unique_board_id_string
 .text.flash_get_unique_id
                0x1000517c       0x46 CMakeFiles/HelloAndBlink.dir/C_/Program_Files/Raspberry_Pi/Pico_SDK_v1.5.1/pico-sdk/src/rp2_common/hardware_flash/flash.c.obj
                0x1000517c                flash_get_unique_id
 *fill*         0x100051c2        0x2 
 .text.hw_endpoint_get_by_addr
                0x100051c4       0x18 CMakeFiles/HelloAndBlink.dir/ae783cfadb10a0055c655bcf0b179659/pico-sdk/lib/tinyusb/src/portable/raspberrypi/rp2040/dcd_rp2040.c.obj
 .text._hw_endpoint_alloc
                0x100051dc       0x70 CMakeFiles/HelloAndBlink.dir/ae783cfadb10a0055c655bcf0b179659/pico-sdk/lib/tinyusb/src/portable/raspberrypi/rp2040/dcd_rp2040.c.obj
 .text.hw_endpoint_init
                0x1000524c       0x88 CMakeFiles/HelloAndBlink.dir/ae783cfadb10a0055c655bcf0b179659/pico-sdk/lib/tinyusb/src/portable/raspberrypi/rp2040/dcd_rp2040.c.obj
 .text.hw_endpoint_xfer
                0x100052d4       0x14 CMakeFiles/HelloAndBlink.dir/ae783cfadb10a0055c655bcf0b179659/pico-sdk/lib/tinyusb/src/portable/raspberrypi/rp2040/dcd_rp2040.c.obj
 .text.dcd_int_enable
                0x100052e8       0x2c CMakeFiles/HelloAndBlink.dir/ae783cfadb10a0055c655bcf0b179659/pico-sdk/lib/tinyusb/src/portable/raspberrypi/rp2040/dcd_rp2040.c.obj
                0x100052e8                dcd_int_enable
 .text.dcd_set_address
                0x10005314       0x2c CMakeFiles/HelloAndBlink.dir/ae783cfadb10a0055c655bcf0b179659/pico-sdk/lib/tinyusb/src/portable/raspberrypi/rp2040/dcd_rp2040.c.obj
                0x10005314                dcd_set_address
 .text.dcd_connect
                0x10005340       0x10 CMakeFiles/HelloAndBlink.dir/ae783cfadb10a0055c655bcf0b179659/pico-sdk/lib/tinyusb/src/portable/raspberrypi/rp2040/dcd_rp2040.c.obj
                0x10005340                dcd_connect
 .text.dcd_init
                0x10005350       0x80 CMakeFiles/HelloAndBlink.dir/ae783cfadb10a0055c655bcf0b179659/pico-sdk/lib/tinyusb/src/portable/raspberrypi/rp2040/dcd_rp2040.c.obj
                0x10005350                dcd_init
 .text.dcd_edpt0_status_complete
                0x100053d0       0x1c CMakeFiles/HelloAndBlink.dir/ae783cfadb10a0055c655bcf0b179659/pico-sdk/lib/tinyusb/src/portable/raspberrypi/rp2040/dcd_rp2040.c.obj
                0x100053d0                dcd_edpt0_status_complete
 .text.dcd_edpt_open
                0x100053ec       0x40 CMakeFiles/HelloAndBlink.dir/ae783cfadb10a0055c655bcf0b179659/pico-sdk/lib/tinyusb/src/portable/raspberrypi/rp2040/dcd_rp2040.c.obj
                0x100053ec                dcd_edpt_open
 .text.dcd_edpt_close_all
                0x1000542c        0x8 CMakeFiles/HelloAndBlink.dir/ae783cfadb10a0055c655bcf0b179659/pico-sdk/lib/tinyusb/src/portable/raspberrypi/rp2040/dcd_rp2040.c.obj
                0x1000542c                dcd_edpt_close_all
 .text.dcd_edpt_xfer
                0x10005434       0x34 CMakeFiles/HelloAndBlink.dir/ae783cfadb10a0055c655bcf0b179659/pico-sdk/lib/tinyusb/src/portable/raspberrypi/rp2040/dcd_rp2040.c.obj
                0x10005434                dcd_edpt_xfer
 .text.dcd_edpt_stall
                0x10005468       0x2c CMakeFiles/HelloAndBlink.dir/ae783cfadb10a0055c655bcf0b179659/pico-sdk/lib/tinyusb/src/portable/raspberrypi/rp2040/dcd_rp2040.c.obj
                0x10005468                dcd_edpt_stall
 .text.dcd_edpt_clear_stall
                0x10005494       0x20 CMakeFiles/HelloAndBlink.dir/ae783cfadb10a0055c655bcf0b179659/pico-sdk/lib/tinyusb/src/portable/raspberrypi/rp2040/dcd_rp2040.c.obj
                0x10005494                dcd_edpt_clear_stall
 .text.rp2040_usb_init
                0x100054b4       0x4c CMakeFiles/HelloAndBlink.dir/ae783cfadb10a0055c655bcf0b179659/pico-sdk/lib/tinyusb/src/portable/raspberrypi/rp2040/rp2040_usb.c.obj
                0x100054b4                rp2040_usb_init
 .text.hw_endpoint_xfer_start
                0x10005500       0x50 CMakeFiles/HelloAndBlink.dir/ae783cfadb10a0055c655bcf0b179659/pico-sdk/lib/tinyusb/src/portable/raspberrypi/rp2040/rp2040_usb.c.obj
                0x10005500                hw_endpoint_xfer_start
 .text.configuration_reset
                0x10005550       0x84 CMakeFiles/HelloAndBlink.dir/C_/Program_Files/Raspberry_Pi/Pico_SDK_v1.5.1/pico-sdk/lib/tinyusb/src/device/usbd.c.obj
 .text.usbd_reset
                0x100055d4        0xc CMakeFiles/HelloAndBlink.dir/C_/Program_Files/Raspberry_Pi/Pico_SDK_v1.5.1/pico-sdk/lib/tinyusb/src/device/usbd.c.obj
 .text.invoke_class_control
                0x100055e0       0x1a CMakeFiles/HelloAndBlink.dir/C_/Program_Files/Raspberry_Pi/Pico_SDK_v1.5.1/pico-sdk/lib/tinyusb/src/device/usbd.c.obj
 *fill*         0x100055fa        0x2 
 .text.process_set_config
                0x100055fc      0x178 CMakeFiles/HelloAndBlink.dir/C_/Program_Files/Raspberry_Pi/Pico_SDK_v1.5.1/pico-sdk/lib/tinyusb/src/device/usbd.c.obj
 .text.process_get_descriptor
                0x10005774       0xdc CMakeFiles/HelloAndBlink.dir/C_/Program_Files/Raspberry_Pi/Pico_SDK_v1.5.1/pico-sdk/lib/tinyusb/src/device/usbd.c.obj
 .text.tud_mounted
                0x10005850       0x10 CMakeFiles/HelloAndBlink.dir/C_/Program_Files/Raspberry_Pi/Pico_SDK_v1.5.1/pico-sdk/lib/tinyusb/src/device/usbd.c.obj
                0x10005850                tud_mounted
 .text.tud_suspended
                0x10005860       0x10 CMakeFiles/HelloAndBlink.dir/C_/Program_Files/Raspberry_Pi/Pico_SDK_v1.5.1/pico-sdk/lib/tinyusb/src/device/usbd.c.obj
                0x10005860                tud_suspended
 .text.tud_inited
                0x10005870       0x14 CMakeFiles/HelloAndBlink.dir/C_/Program_Files/Raspberry_Pi/Pico_SDK_v1.5.1/pico-sdk/lib/tinyusb/src/device/usbd.c.obj
                0x10005870                tud_inited
 .text.tud_init
                0x10005884       0xcc CMakeFiles/HelloAndBlink.dir/C_/Program_Files/Raspberry_Pi/Pico_SDK_v1.5.1/pico-sdk/lib/tinyusb/src/device/usbd.c.obj
                0x10005884                tud_init
 .text.usbd_defer_func
                0x10005950       0x2a CMakeFiles/HelloAndBlink.dir/C_/Program_Files/Raspberry_Pi/Pico_SDK_v1.5.1/pico-sdk/lib/tinyusb/src/device/usbd.c.obj
                0x10005950                usbd_defer_func
 *fill*         0x1000597a        0x2 
 .text.usbd_edpt_open
                0x1000597c       0x34 CMakeFiles/HelloAndBlink.dir/C_/Program_Files/Raspberry_Pi/Pico_SDK_v1.5.1/pico-sdk/lib/tinyusb/src/device/usbd.c.obj
                0x1000597c                usbd_edpt_open
 .text.usbd_open_edpt_pair
                0x100059b0       0x62 CMakeFiles/HelloAndBlink.dir/C_/Program_Files/Raspberry_Pi/Pico_SDK_v1.5.1/pico-sdk/lib/tinyusb/src/device/usbd.c.obj
                0x100059b0                usbd_open_edpt_pair
 *fill*         0x10005a12        0x2 
 .text.usbd_edpt_claim
                0x10005a14       0x28 CMakeFiles/HelloAndBlink.dir/C_/Program_Files/Raspberry_Pi/Pico_SDK_v1.5.1/pico-sdk/lib/tinyusb/src/device/usbd.c.obj
                0x10005a14                usbd_edpt_claim
 .text.usbd_edpt_release
                0x10005a3c       0x28 CMakeFiles/HelloAndBlink.dir/C_/Program_Files/Raspberry_Pi/Pico_SDK_v1.5.1/pico-sdk/lib/tinyusb/src/device/usbd.c.obj
                0x10005a3c                usbd_edpt_release
 .text.usbd_edpt_xfer
                0x10005a64       0x78 CMakeFiles/HelloAndBlink.dir/C_/Program_Files/Raspberry_Pi/Pico_SDK_v1.5.1/pico-sdk/lib/tinyusb/src/device/usbd.c.obj
                0x10005a64                usbd_edpt_xfer
 .text.usbd_edpt_stall
                0x10005adc       0x48 CMakeFiles/HelloAndBlink.dir/C_/Program_Files/Raspberry_Pi/Pico_SDK_v1.5.1/pico-sdk/lib/tinyusb/src/device/usbd.c.obj
                0x10005adc                usbd_edpt_stall
 .text.usbd_edpt_clear_stall
                0x10005b24       0x48 CMakeFiles/HelloAndBlink.dir/C_/Program_Files/Raspberry_Pi/Pico_SDK_v1.5.1/pico-sdk/lib/tinyusb/src/device/usbd.c.obj
                0x10005b24                usbd_edpt_clear_stall
 .text.usbd_edpt_stalled
                0x10005b6c       0x1c CMakeFiles/HelloAndBlink.dir/C_/Program_Files/Raspberry_Pi/Pico_SDK_v1.5.1/pico-sdk/lib/tinyusb/src/device/usbd.c.obj
                0x10005b6c                usbd_edpt_stalled
 .text.process_control_request
                0x10005b88      0x37c CMakeFiles/HelloAndBlink.dir/C_/Program_Files/Raspberry_Pi/Pico_SDK_v1.5.1/pico-sdk/lib/tinyusb/src/device/usbd.c.obj
 .text.tud_task_ext
                0x10005f04      0x1b8 CMakeFiles/HelloAndBlink.dir/C_/Program_Files/Raspberry_Pi/Pico_SDK_v1.5.1/pico-sdk/lib/tinyusb/src/device/usbd.c.obj
                0x10005f04                tud_task_ext
 .text._data_stage_xact
                0x100060bc       0x58 CMakeFiles/HelloAndBlink.dir/C_/Program_Files/Raspberry_Pi/Pico_SDK_v1.5.1/pico-sdk/lib/tinyusb/src/device/usbd_control.c.obj
 .text.tud_control_status
                0x10006114       0x38 CMakeFiles/HelloAndBlink.dir/C_/Program_Files/Raspberry_Pi/Pico_SDK_v1.5.1/pico-sdk/lib/tinyusb/src/device/usbd_control.c.obj
                0x10006114                tud_control_status
 .text.tud_control_xfer
                0x1000614c       0x74 CMakeFiles/HelloAndBlink.dir/C_/Program_Files/Raspberry_Pi/Pico_SDK_v1.5.1/pico-sdk/lib/tinyusb/src/device/usbd_control.c.obj
                0x1000614c                tud_control_xfer
 .text.usbd_control_reset
                0x100061c0       0x14 CMakeFiles/HelloAndBlink.dir/C_/Program_Files/Raspberry_Pi/Pico_SDK_v1.5.1/pico-sdk/lib/tinyusb/src/device/usbd_control.c.obj
                0x100061c0                usbd_control_reset
 .text.usbd_control_set_complete_callback
                0x100061d4        0xc CMakeFiles/HelloAndBlink.dir/C_/Program_Files/Raspberry_Pi/Pico_SDK_v1.5.1/pico-sdk/lib/tinyusb/src/device/usbd_control.c.obj
                0x100061d4                usbd_control_set_complete_callback
 .text.usbd_control_set_request
                0x100061e0       0x1c CMakeFiles/HelloAndBlink.dir/C_/Program_Files/Raspberry_Pi/Pico_SDK_v1.5.1/pico-sdk/lib/tinyusb/src/device/usbd_control.c.obj
                0x100061e0                usbd_control_set_request
 .text.usbd_control_xfer_cb
                0x100061fc       0xcc CMakeFiles/HelloAndBlink.dir/C_/Program_Files/Raspberry_Pi/Pico_SDK_v1.5.1/pico-sdk/lib/tinyusb/src/device/usbd_control.c.obj
                0x100061fc                usbd_control_xfer_cb
 .text._prep_out_transaction
                0x100062c8       0x4a CMakeFiles/HelloAndBlink.dir/C_/Program_Files/Raspberry_Pi/Pico_SDK_v1.5.1/pico-sdk/lib/tinyusb/src/class/cdc/cdc_device.c.obj
 *fill*         0x10006312        0x2 
 .text.tud_cdc_n_connected
                0x10006314       0x44 CMakeFiles/HelloAndBlink.dir/C_/Program_Files/Raspberry_Pi/Pico_SDK_v1.5.1/pico-sdk/lib/tinyusb/src/class/cdc/cdc_device.c.obj
                0x10006314                tud_cdc_n_connected
 .text.tud_cdc_n_available
                0x10006358       0x18 CMakeFiles/HelloAndBlink.dir/C_/Program_Files/Raspberry_Pi/Pico_SDK_v1.5.1/pico-sdk/lib/tinyusb/src/class/cdc/cdc_device.c.obj
                0x10006358                tud_cdc_n_available
 .text.tud_cdc_n_read
                0x10006370       0x28 CMakeFiles/HelloAndBlink.dir/C_/Program_Files/Raspberry_Pi/Pico_SDK_v1.5.1/pico-sdk/lib/tinyusb/src/class/cdc/cdc_device.c.obj
                0x10006370                tud_cdc_n_read
 .text.tud_cdc_n_write_flush
                0x10006398       0xb8 CMakeFiles/HelloAndBlink.dir/C_/Program_Files/Raspberry_Pi/Pico_SDK_v1.5.1/pico-sdk/lib/tinyusb/src/class/cdc/cdc_device.c.obj
                0x10006398                tud_cdc_n_write_flush
 .text.tud_cdc_n_write
                0x10006450       0x38 CMakeFiles/HelloAndBlink.dir/C_/Program_Files/Raspberry_Pi/Pico_SDK_v1.5.1/pico-sdk/lib/tinyusb/src/class/cdc/cdc_device.c.obj
                0x10006450                tud_cdc_n_write
 .text.tud_cdc_n_write_available
                0x10006488       0x1c CMakeFiles/HelloAndBlink.dir/C_/Program_Files/Raspberry_Pi/Pico_SDK_v1.5.1/pico-sdk/lib/tinyusb/src/class/cdc/cdc_device.c.obj
                0x10006488                tud_cdc_n_write_available
 .text.cdcd_init
                0x100064a4       0xbc CMakeFiles/HelloAndBlink.dir/C_/Program_Files/Raspberry_Pi/Pico_SDK_v1.5.1/pico-sdk/lib/tinyusb/src/class/cdc/cdc_device.c.obj
                0x100064a4                cdcd_init
 .text.cdcd_reset
                0x10006560       0x44 CMakeFiles/HelloAndBlink.dir/C_/Program_Files/Raspberry_Pi/Pico_SDK_v1.5.1/pico-sdk/lib/tinyusb/src/class/cdc/cdc_device.c.obj
                0x10006560                cdcd_reset
 .text.cdcd_open
                0x100065a4       0xcc CMakeFiles/HelloAndBlink.dir/C_/Program_Files/Raspberry_Pi/Pico_SDK_v1.5.1/pico-sdk/lib/tinyusb/src/class/cdc/cdc_device.c.obj
                0x100065a4                cdcd_open
 .text.cdcd_control_xfer_cb
                0x10006670      0x134 CMakeFiles/HelloAndBlink.dir/C_/Program_Files/Raspberry_Pi/Pico_SDK_v1.5.1/pico-sdk/lib/tinyusb/src/class/cdc/cdc_device.c.obj
                0x10006670                cdcd_control_xfer_cb
 .text.cdcd_xfer_cb
                0x100067a4      0x130 CMakeFiles/HelloAndBlink.dir/C_/Program_Files/Raspberry_Pi/Pico_SDK_v1.5.1/pico-sdk/lib/tinyusb/src/class/cdc/cdc_device.c.obj
                0x100067a4                cdcd_xfer_cb
 .text.tusb_init
                0x100068d4        0xa CMakeFiles/HelloAndBlink.dir/C_/Program_Files/Raspberry_Pi/Pico_SDK_v1.5.1/pico-sdk/lib/tinyusb/src/tusb.c.obj
                0x100068d4                tusb_init
 .text.tusb_inited
                0x100068de        0xe CMakeFiles/HelloAndBlink.dir/C_/Program_Files/Raspberry_Pi/Pico_SDK_v1.5.1/pico-sdk/lib/tinyusb/src/tusb.c.obj
                0x100068de                tusb_inited
 .text.tu_edpt_claim
                0x100068ec       0x50 CMakeFiles/HelloAndBlink.dir/C_/Program_Files/Raspberry_Pi/Pico_SDK_v1.5.1/pico-sdk/lib/tinyusb/src/tusb.c.obj
                0x100068ec                tu_edpt_claim
 .text.tu_edpt_release
                0x1000693c       0x3c CMakeFiles/HelloAndBlink.dir/C_/Program_Files/Raspberry_Pi/Pico_SDK_v1.5.1/pico-sdk/lib/tinyusb/src/tusb.c.obj
                0x1000693c                tu_edpt_release
 .text.tu_edpt_validate
                0x10006978       0x78 CMakeFiles/HelloAndBlink.dir/C_/Program_Files/Raspberry_Pi/Pico_SDK_v1.5.1/pico-sdk/lib/tinyusb/src/tusb.c.obj
                0x10006978                tu_edpt_validate
 .text.tu_edpt_bind_driver
                0x100069f0       0x26 CMakeFiles/HelloAndBlink.dir/C_/Program_Files/Raspberry_Pi/Pico_SDK_v1.5.1/pico-sdk/lib/tinyusb/src/tusb.c.obj
                0x100069f0                tu_edpt_bind_driver
 .text.advance_index
                0x10006a16       0x1a CMakeFiles/HelloAndBlink.dir/C_/Program_Files/Raspberry_Pi/Pico_SDK_v1.5.1/pico-sdk/lib/tinyusb/src/common/tusb_fifo.c.obj
 .text._tu_fifo_peek
                0x10006a30       0x56 CMakeFiles/HelloAndBlink.dir/C_/Program_Files/Raspberry_Pi/Pico_SDK_v1.5.1/pico-sdk/lib/tinyusb/src/common/tusb_fifo.c.obj
 .text._ff_pull_const_addr
                0x10006a86       0x4c CMakeFiles/HelloAndBlink.dir/C_/Program_Files/Raspberry_Pi/Pico_SDK_v1.5.1/pico-sdk/lib/tinyusb/src/common/tusb_fifo.c.obj
 .text._ff_pull_n
                0x10006ad2      0x110 CMakeFiles/HelloAndBlink.dir/C_/Program_Files/Raspberry_Pi/Pico_SDK_v1.5.1/pico-sdk/lib/tinyusb/src/common/tusb_fifo.c.obj
 .text._tu_fifo_peek_n
                0x10006be2       0x6a CMakeFiles/HelloAndBlink.dir/C_/Program_Files/Raspberry_Pi/Pico_SDK_v1.5.1/pico-sdk/lib/tinyusb/src/common/tusb_fifo.c.obj
 .text._tu_fifo_read_n
                0x10006c4c       0x4e CMakeFiles/HelloAndBlink.dir/C_/Program_Files/Raspberry_Pi/Pico_SDK_v1.5.1/pico-sdk/lib/tinyusb/src/common/tusb_fifo.c.obj
 .text._ff_push_const_addr
                0x10006c9a       0x40 CMakeFiles/HelloAndBlink.dir/C_/Program_Files/Raspberry_Pi/Pico_SDK_v1.5.1/pico-sdk/lib/tinyusb/src/common/tusb_fifo.c.obj
 .text._ff_push_n
                0x10006cda      0x10c CMakeFiles/HelloAndBlink.dir/C_/Program_Files/Raspberry_Pi/Pico_SDK_v1.5.1/pico-sdk/lib/tinyusb/src/common/tusb_fifo.c.obj
 .text._tu_fifo_write_n
                0x10006de6       0xf0 CMakeFiles/HelloAndBlink.dir/C_/Program_Files/Raspberry_Pi/Pico_SDK_v1.5.1/pico-sdk/lib/tinyusb/src/common/tusb_fifo.c.obj
 .text.tu_fifo_config
                0x10006ed6       0x7c CMakeFiles/HelloAndBlink.dir/C_/Program_Files/Raspberry_Pi/Pico_SDK_v1.5.1/pico-sdk/lib/tinyusb/src/common/tusb_fifo.c.obj
                0x10006ed6                tu_fifo_config
 .text.tu_fifo_count
                0x10006f52       0x2a CMakeFiles/HelloAndBlink.dir/C_/Program_Files/Raspberry_Pi/Pico_SDK_v1.5.1/pico-sdk/lib/tinyusb/src/common/tusb_fifo.c.obj
                0x10006f52                tu_fifo_count
 .text.tu_fifo_empty
                0x10006f7c       0x10 CMakeFiles/HelloAndBlink.dir/C_/Program_Files/Raspberry_Pi/Pico_SDK_v1.5.1/pico-sdk/lib/tinyusb/src/common/tusb_fifo.c.obj
                0x10006f7c                tu_fifo_empty
 .text.tu_fifo_full
                0x10006f8c       0x28 CMakeFiles/HelloAndBlink.dir/C_/Program_Files/Raspberry_Pi/Pico_SDK_v1.5.1/pico-sdk/lib/tinyusb/src/common/tusb_fifo.c.obj
                0x10006f8c                tu_fifo_full
 .text.tu_fifo_remaining
                0x10006fb4       0x2c CMakeFiles/HelloAndBlink.dir/C_/Program_Files/Raspberry_Pi/Pico_SDK_v1.5.1/pico-sdk/lib/tinyusb/src/common/tusb_fifo.c.obj
                0x10006fb4                tu_fifo_remaining
 .text.tu_fifo_read
                0x10006fe0       0x42 CMakeFiles/HelloAndBlink.dir/C_/Program_Files/Raspberry_Pi/Pico_SDK_v1.5.1/pico-sdk/lib/tinyusb/src/common/tusb_fifo.c.obj
                0x10006fe0                tu_fifo_read
 .text.tu_fifo_read_n
                0x10007022        0xa CMakeFiles/HelloAndBlink.dir/C_/Program_Files/Raspberry_Pi/Pico_SDK_v1.5.1/pico-sdk/lib/tinyusb/src/common/tusb_fifo.c.obj
                0x10007022                tu_fifo_read_n
 .text.tu_fifo_write
                0x1000702c       0x64 CMakeFiles/HelloAndBlink.dir/C_/Program_Files/Raspberry_Pi/Pico_SDK_v1.5.1/pico-sdk/lib/tinyusb/src/common/tusb_fifo.c.obj
                0x1000702c                tu_fifo_write
 .text.tu_fifo_write_n
                0x10007090        0xa CMakeFiles/HelloAndBlink.dir/C_/Program_Files/Raspberry_Pi/Pico_SDK_v1.5.1/pico-sdk/lib/tinyusb/src/common/tusb_fifo.c.obj
                0x10007090                tu_fifo_write_n
 .text.tu_fifo_clear
                0x1000709a       0x3e CMakeFiles/HelloAndBlink.dir/C_/Program_Files/Raspberry_Pi/Pico_SDK_v1.5.1/pico-sdk/lib/tinyusb/src/common/tusb_fifo.c.obj
                0x1000709a                tu_fifo_clear
 .text.tu_fifo_set_overwritable
                0x100070d8       0x46 CMakeFiles/HelloAndBlink.dir/C_/Program_Files/Raspberry_Pi/Pico_SDK_v1.5.1/pico-sdk/lib/tinyusb/src/common/tusb_fifo.c.obj
                0x100070d8                tu_fifo_set_overwritable
 *fill*         0x1000711e        0x2 
 .text.clock    0x10007120       0x30 c:/progra~1/raspbe~1/picosd~1.1/gcc-ar~1/bin/../lib/gcc/arm-none-eabi/10.3.1/../../../../arm-none-eabi/lib/thumb/v6-m/nofp\libg.a(lib_a-clock.o)
                0x10007120                clock
 .text.srand    0x10007150       0x14 c:/progra~1/raspbe~1/picosd~1.1/gcc-ar~1/bin/../lib/gcc/arm-none-eabi/10.3.1/../../../../arm-none-eabi/lib/thumb/v6-m/nofp\libg.a(lib_a-rand.o)
                0x10007150                srand
 .text.rand     0x10007164       0x34 c:/progra~1/raspbe~1/picosd~1.1/gcc-ar~1/bin/../lib/gcc/arm-none-eabi/10.3.1/../../../../arm-none-eabi/lib/thumb/v6-m/nofp\libg.a(lib_a-rand.o)
                0x10007164                rand
 .text.strlen   0x10007198       0x5c c:/progra~1/raspbe~1/picosd~1.1/gcc-ar~1/bin/../lib/gcc/arm-none-eabi/10.3.1/../../../../arm-none-eabi/lib/thumb/v6-m/nofp\libg.a(lib_a-strlen-stub.o)
                0x10007198                strlen
 .text.time     0x100071f4       0x34 c:/progra~1/raspbe~1/picosd~1.1/gcc-ar~1/bin/../lib/gcc/arm-none-eabi/10.3.1/../../../../arm-none-eabi/lib/thumb/v6-m/nofp\libg.a(lib_a-time.o)
                0x100071f4                time
 .text._times_r
                0x10007228        0xc c:/progra~1/raspbe~1/picosd~1.1/gcc-ar~1/bin/../lib/gcc/arm-none-eabi/10.3.1/../../../../arm-none-eabi/lib/thumb/v6-m/nofp\libg.a(lib_a-timesr.o)
                0x10007228                _times_r
 .text._gettimeofday_r
                0x10007234       0x28 c:/progra~1/raspbe~1/picosd~1.1/gcc-ar~1/bin/../lib/gcc/arm-none-eabi/10.3.1/../../../../arm-none-eabi/lib/thumb/v6-m/nofp\libg.a(lib_a-gettimeofdayr.o)
                0x10007234                _gettimeofday_r
 *(.fini)
 .fini          0x1000725c        0x4 c:/progra~1/raspbe~1/picosd~1.1/gcc-ar~1/bin/../lib/gcc/arm-none-eabi/10.3.1/thumb/v6-m/nofp/crti.o
                0x1000725c                _fini
 .fini.__stub   0x10007260       0xe0 linker stubs
 *crtbegin.o(.ctors)
 *crtbegin?.o(.ctors)
 *(EXCLUDE_FILE(*crtend.o *crtend?.o) .ctors)
 *(SORT_BY_NAME(.ctors.*))
 *(.ctors)
 *crtbegin.o(.dtors)
 *crtbegin?.o(.dtors)
 *(EXCLUDE_FILE(*crtend.o *crtend?.o) .dtors)
 *(SORT_BY_NAME(.dtors.*))
 *(.dtors)
 *(.eh_frame*)
 .eh_frame      0x10007340        0x0 c:/progra~1/raspbe~1/picosd~1.1/gcc-ar~1/bin/../lib/gcc/arm-none-eabi/10.3.1/thumb/v6-m/nofp/crtbegin.o
                0x10007340                . = ALIGN (0x4)

.glue_7         0x10007340        0x0
 .glue_7        0x10007340        0x0 linker stubs

.glue_7t        0x10007340        0x0
 .glue_7t       0x10007340        0x0 linker stubs

.vfp11_veneer   0x10007340        0x0
 .vfp11_veneer  0x10007340        0x0 linker stubs

.v4_bx          0x10007340        0x0
 .v4_bx         0x10007340        0x0 linker stubs

.iplt           0x10007340        0x0
 .iplt          0x10007340        0x0 c:/progra~1/raspbe~1/picosd~1.1/gcc-ar~1/bin/../lib/gcc/arm-none-eabi/10.3.1/thumb/v6-m/nofp/crtbegin.o

.rodata         0x10007340     0x17bc
 *(EXCLUDE_FILE(*libm.a: *libc.a:*lib_a-mem*.o *libgcc.a:) .rodata*)
 .rodata.displayNumber
                0x10007340       0x28 CMakeFiles/HelloAndBlink.dir/helloandblink.c.obj
 .rodata.main.str1.4
                0x10007368       0x12 CMakeFiles/HelloAndBlink.dir/helloandblink.c.obj
 *fill*         0x1000737a        0x2 
 .rodata.spin_lock_claim_unused.str1.4
                0x1000737c       0x1b CMakeFiles/HelloAndBlink.dir/C_/Program_Files/Raspberry_Pi/Pico_SDK_v1.5.1/pico-sdk/src/rp2_common/hardware_sync/sync.c.obj
 *fill*         0x10007397        0x1 
 .rodata.make_branch.str1.4
                0x10007398       0x89 CMakeFiles/HelloAndBlink.dir/C_/Program_Files/Raspberry_Pi/Pico_SDK_v1.5.1/pico-sdk/src/rp2_common/hardware_irq/irq.c.obj
 *fill*         0x10007421        0x3 
 .rodata.insert_branch_and_link.str1.4
                0x10007424       0x10 CMakeFiles/HelloAndBlink.dir/C_/Program_Files/Raspberry_Pi/Pico_SDK_v1.5.1/pico-sdk/src/rp2_common/hardware_irq/irq.c.obj
 .rodata.irq_set_exclusive_handler.str1.4
                0x10007434       0x36 CMakeFiles/HelloAndBlink.dir/C_/Program_Files/Raspberry_Pi/Pico_SDK_v1.5.1/pico-sdk/src/rp2_common/hardware_irq/irq.c.obj
 *fill*         0x1000746a        0x2 
 .rodata.irq_add_shared_handler.str1.4
                0x1000746c       0xd9 CMakeFiles/HelloAndBlink.dir/C_/Program_Files/Raspberry_Pi/Pico_SDK_v1.5.1/pico-sdk/src/rp2_common/hardware_irq/irq.c.obj
 *fill*         0x10007545        0x3 
 .rodata.irq_remove_handler.str1.4
                0x10007548       0x3a CMakeFiles/HelloAndBlink.dir/C_/Program_Files/Raspberry_Pi/Pico_SDK_v1.5.1/pico-sdk/src/rp2_common/hardware_irq/irq.c.obj
 *fill*         0x10007582        0x2 
 .rodata.irq_add_tail_to_free_list.str1.4
                0x10007584       0x3a CMakeFiles/HelloAndBlink.dir/C_/Program_Files/Raspberry_Pi/Pico_SDK_v1.5.1/pico-sdk/src/rp2_common/hardware_irq/irq.c.obj
 *fill*         0x100075be        0x2 
 .rodata.user_irq_claim_unused.str1.4
                0x100075c0       0x1b CMakeFiles/HelloAndBlink.dir/C_/Program_Files/Raspberry_Pi/Pico_SDK_v1.5.1/pico-sdk/src/rp2_common/hardware_irq/irq.c.obj
 *fill*         0x100075db        0x1 
 .rodata.__func__.0
                0x100075dc       0x1a CMakeFiles/HelloAndBlink.dir/C_/Program_Files/Raspberry_Pi/Pico_SDK_v1.5.1/pico-sdk/src/rp2_common/hardware_irq/irq.c.obj
 *fill*         0x100075f6        0x2 
 .rodata.__func__.1
                0x100075f8       0x17 CMakeFiles/HelloAndBlink.dir/C_/Program_Files/Raspberry_Pi/Pico_SDK_v1.5.1/pico-sdk/src/rp2_common/hardware_irq/irq.c.obj
 *fill*         0x1000760f        0x1 
 .rodata.__func__.2
                0x10007610       0x13 CMakeFiles/HelloAndBlink.dir/C_/Program_Files/Raspberry_Pi/Pico_SDK_v1.5.1/pico-sdk/src/rp2_common/hardware_irq/irq.c.obj
 *fill*         0x10007623        0x1 
 .rodata.__func__.3
                0x10007624        0xc CMakeFiles/HelloAndBlink.dir/C_/Program_Files/Raspberry_Pi/Pico_SDK_v1.5.1/pico-sdk/src/rp2_common/hardware_irq/irq.c.obj
 .rodata.__func__.4
                0x10007630        0xf CMakeFiles/HelloAndBlink.dir/C_/Program_Files/Raspberry_Pi/Pico_SDK_v1.5.1/pico-sdk/src/rp2_common/hardware_irq/irq.c.obj
 *fill*         0x1000763f        0x1 
 .rodata.__func__.5
                0x10007640       0x17 CMakeFiles/HelloAndBlink.dir/C_/Program_Files/Raspberry_Pi/Pico_SDK_v1.5.1/pico-sdk/src/rp2_common/hardware_irq/irq.c.obj
 *fill*         0x10007657        0x1 
 .rodata.__func__.6
                0x10007658       0x1a CMakeFiles/HelloAndBlink.dir/C_/Program_Files/Raspberry_Pi/Pico_SDK_v1.5.1/pico-sdk/src/rp2_common/hardware_irq/irq.c.obj
 *fill*         0x10007672        0x2 
 .rodata.str1.4
                0x10007674      0x125 CMakeFiles/HelloAndBlink.dir/C_/Program_Files/Raspberry_Pi/Pico_SDK_v1.5.1/pico-sdk/src/common/pico_sync/mutex.c.obj
 *fill*         0x10007799        0x3 
 .rodata.__func__.1
                0x1000779c        0xb CMakeFiles/HelloAndBlink.dir/C_/Program_Files/Raspberry_Pi/Pico_SDK_v1.5.1/pico-sdk/src/common/pico_sync/mutex.c.obj
 *fill*         0x100077a7        0x1 
 .rodata.__func__.3
                0x100077a8       0x18 CMakeFiles/HelloAndBlink.dir/C_/Program_Files/Raspberry_Pi/Pico_SDK_v1.5.1/pico-sdk/src/common/pico_sync/mutex.c.obj
 .rodata.__func__.4
                0x100077c0       0x15 CMakeFiles/HelloAndBlink.dir/C_/Program_Files/Raspberry_Pi/Pico_SDK_v1.5.1/pico-sdk/src/common/pico_sync/mutex.c.obj
 *fill*         0x100077d5        0x3 
 .rodata.repeating_timer_callback.str1.4
                0x100077d8       0x67 CMakeFiles/HelloAndBlink.dir/C_/Program_Files/Raspberry_Pi/Pico_SDK_v1.5.1/pico-sdk/src/common/pico_time/time.c.obj
 *fill*         0x1000783f        0x1 
 .rodata.timer_pool_entry_comparator.str1.4
                0x10007840       0x22 CMakeFiles/HelloAndBlink.dir/C_/Program_Files/Raspberry_Pi/Pico_SDK_v1.5.1/pico-sdk/src/common/pico_time/time.c.obj
 *fill*         0x10007862        0x2 
 .rodata.ph_add_child_node.str1.4
                0x10007864       0xb2 CMakeFiles/HelloAndBlink.dir/C_/Program_Files/Raspberry_Pi/Pico_SDK_v1.5.1/pico-sdk/src/common/pico_time/time.c.obj
 *fill*         0x10007916        0x2 
 .rodata.add_alarm_under_lock.str1.4
                0x10007918       0x28 CMakeFiles/HelloAndBlink.dir/C_/Program_Files/Raspberry_Pi/Pico_SDK_v1.5.1/pico-sdk/src/common/pico_time/time.c.obj
                                 0x2b (size before relaxing)
 .rodata.alarm_pool_alarm_callback.str1.4
                0x10007940       0x98 CMakeFiles/HelloAndBlink.dir/C_/Program_Files/Raspberry_Pi/Pico_SDK_v1.5.1/pico-sdk/src/common/pico_time/time.c.obj
                                0x118 (size before relaxing)
 .rodata.alarm_pool_get_default.str1.4
                0x100079d8       0x21 CMakeFiles/HelloAndBlink.dir/C_/Program_Files/Raspberry_Pi/Pico_SDK_v1.5.1/pico-sdk/src/common/pico_time/time.c.obj
 *fill*         0x100079f9        0x3 
 .rodata.alarm_pool_cancel_alarm.str1.4
                0x100079fc       0x27 CMakeFiles/HelloAndBlink.dir/C_/Program_Files/Raspberry_Pi/Pico_SDK_v1.5.1/pico-sdk/src/common/pico_time/time.c.obj
 *fill*         0x10007a23        0x1 
 .rodata.sleep_until.str1.4
                0x10007a24       0x4d CMakeFiles/HelloAndBlink.dir/C_/Program_Files/Raspberry_Pi/Pico_SDK_v1.5.1/pico-sdk/src/common/pico_time/time.c.obj
 *fill*         0x10007a71        0x3 
 .rodata.__func__.0
                0x10007a74       0x19 CMakeFiles/HelloAndBlink.dir/C_/Program_Files/Raspberry_Pi/Pico_SDK_v1.5.1/pico-sdk/src/common/pico_time/time.c.obj
 *fill*         0x10007a8d        0x3 
 .rodata.__func__.1
                0x10007a90       0x18 CMakeFiles/HelloAndBlink.dir/C_/Program_Files/Raspberry_Pi/Pico_SDK_v1.5.1/pico-sdk/src/common/pico_time/time.c.obj
 .rodata.__func__.10
                0x10007aa8       0x15 CMakeFiles/HelloAndBlink.dir/C_/Program_Files/Raspberry_Pi/Pico_SDK_v1.5.1/pico-sdk/src/common/pico_time/time.c.obj
 *fill*         0x10007abd        0x3 
 .rodata.__func__.11
                0x10007ac0       0x1a CMakeFiles/HelloAndBlink.dir/C_/Program_Files/Raspberry_Pi/Pico_SDK_v1.5.1/pico-sdk/src/common/pico_time/time.c.obj
 *fill*         0x10007ada        0x2 
 .rodata.__func__.12
                0x10007adc        0xa CMakeFiles/HelloAndBlink.dir/C_/Program_Files/Raspberry_Pi/Pico_SDK_v1.5.1/pico-sdk/src/common/pico_time/time.c.obj
 *fill*         0x10007ae6        0x2 
 .rodata.__func__.3
                0x10007ae8       0x17 CMakeFiles/HelloAndBlink.dir/C_/Program_Files/Raspberry_Pi/Pico_SDK_v1.5.1/pico-sdk/src/common/pico_time/time.c.obj
 *fill*         0x10007aff        0x1 
 .rodata.__func__.4
                0x10007b00       0x12 CMakeFiles/HelloAndBlink.dir/C_/Program_Files/Raspberry_Pi/Pico_SDK_v1.5.1/pico-sdk/src/common/pico_time/time.c.obj
 *fill*         0x10007b12        0x2 
 .rodata.__func__.5
                0x10007b14        0xd CMakeFiles/HelloAndBlink.dir/C_/Program_Files/Raspberry_Pi/Pico_SDK_v1.5.1/pico-sdk/src/common/pico_time/time.c.obj
 *fill*         0x10007b21        0x3 
 .rodata.__func__.6
                0x10007b24       0x12 CMakeFiles/HelloAndBlink.dir/C_/Program_Files/Raspberry_Pi/Pico_SDK_v1.5.1/pico-sdk/src/common/pico_time/time.c.obj
 *fill*         0x10007b36        0x2 
 .rodata.__func__.7
                0x10007b38        0xf CMakeFiles/HelloAndBlink.dir/C_/Program_Files/Raspberry_Pi/Pico_SDK_v1.5.1/pico-sdk/src/common/pico_time/time.c.obj
 *fill*         0x10007b47        0x1 
 .rodata.__func__.8
                0x10007b48        0xc CMakeFiles/HelloAndBlink.dir/C_/Program_Files/Raspberry_Pi/Pico_SDK_v1.5.1/pico-sdk/src/common/pico_time/time.c.obj
 .rodata.__func__.9
                0x10007b54       0x15 CMakeFiles/HelloAndBlink.dir/C_/Program_Files/Raspberry_Pi/Pico_SDK_v1.5.1/pico-sdk/src/common/pico_time/time.c.obj
 *fill*         0x10007b69        0x3 
 .rodata.hardware_alarm_claim.str1.4
                0x10007b6c       0x22 CMakeFiles/HelloAndBlink.dir/C_/Program_Files/Raspberry_Pi/Pico_SDK_v1.5.1/pico-sdk/src/rp2_common/hardware_timer/timer.c.obj
 *fill*         0x10007b8e        0x2 
 .rodata.hardware_alarm_set_target.str1.4
                0x10007b90       0x81 CMakeFiles/HelloAndBlink.dir/C_/Program_Files/Raspberry_Pi/Pico_SDK_v1.5.1/pico-sdk/src/rp2_common/hardware_timer/timer.c.obj
 *fill*         0x10007c11        0x3 
 .rodata.__func__.0
                0x10007c14       0x1a CMakeFiles/HelloAndBlink.dir/C_/Program_Files/Raspberry_Pi/Pico_SDK_v1.5.1/pico-sdk/src/rp2_common/hardware_timer/timer.c.obj
 .rodata.ph_add_child_node.str1.4
                0x10007c2e       0xb2 CMakeFiles/HelloAndBlink.dir/C_/Program_Files/Raspberry_Pi/Pico_SDK_v1.5.1/pico-sdk/src/common/pico_util/pheap.c.obj
 *fill*         0x10007c2e        0x2 
 .rodata.ph_remove_any_head.str1.4
                0x10007c30       0xa8 CMakeFiles/HelloAndBlink.dir/C_/Program_Files/Raspberry_Pi/Pico_SDK_v1.5.1/pico-sdk/src/common/pico_util/pheap.c.obj
                                 0xbc (size before relaxing)
 .rodata.ph_remove_and_free_node.str1.4
                0x10007cd8       0x1e CMakeFiles/HelloAndBlink.dir/C_/Program_Files/Raspberry_Pi/Pico_SDK_v1.5.1/pico-sdk/src/common/pico_util/pheap.c.obj
                                 0x26 (size before relaxing)
 *fill*         0x10007cf6        0x2 
 .rodata.__func__.0
                0x10007cf8       0x18 CMakeFiles/HelloAndBlink.dir/C_/Program_Files/Raspberry_Pi/Pico_SDK_v1.5.1/pico-sdk/src/common/pico_util/pheap.c.obj
 .rodata.__func__.1
                0x10007d10       0x13 CMakeFiles/HelloAndBlink.dir/C_/Program_Files/Raspberry_Pi/Pico_SDK_v1.5.1/pico-sdk/src/common/pico_util/pheap.c.obj
 *fill*         0x10007d23        0x1 
 .rodata.__func__.2
                0x10007d24       0x12 CMakeFiles/HelloAndBlink.dir/C_/Program_Files/Raspberry_Pi/Pico_SDK_v1.5.1/pico-sdk/src/common/pico_util/pheap.c.obj
 *fill*         0x10007d36        0x2 
 .rodata.__func__.3
                0x10007d38        0xc CMakeFiles/HelloAndBlink.dir/C_/Program_Files/Raspberry_Pi/Pico_SDK_v1.5.1/pico-sdk/src/common/pico_util/pheap.c.obj
 .rodata.clock_configure.str1.4
                0x10007d44       0x73 CMakeFiles/HelloAndBlink.dir/C_/Program_Files/Raspberry_Pi/Pico_SDK_v1.5.1/pico-sdk/src/rp2_common/hardware_clocks/clocks.c.obj
 *fill*         0x10007db7        0x1 
 .rodata.__func__.1
                0x10007db8       0x10 CMakeFiles/HelloAndBlink.dir/C_/Program_Files/Raspberry_Pi/Pico_SDK_v1.5.1/pico-sdk/src/rp2_common/hardware_clocks/clocks.c.obj
 .rodata.pll_init.str1.4
                0x10007dc8      0x140 CMakeFiles/HelloAndBlink.dir/C_/Program_Files/Raspberry_Pi/Pico_SDK_v1.5.1/pico-sdk/src/rp2_common/hardware_pll/pll.c.obj
 .rodata.__func__.0
                0x10007f08        0x9 CMakeFiles/HelloAndBlink.dir/C_/Program_Files/Raspberry_Pi/Pico_SDK_v1.5.1/pico-sdk/src/rp2_common/hardware_pll/pll.c.obj
 *fill*         0x10007f11        0x3 
 .rodata.__assert_func.str1.4
                0x10007f14       0x3f CMakeFiles/HelloAndBlink.dir/C_/Program_Files/Raspberry_Pi/Pico_SDK_v1.5.1/pico-sdk/src/rp2_common/pico_runtime/runtime.c.obj
                                 0x43 (size before relaxing)
 *fill*         0x10007f53        0x1 
 .rodata.runtime_init.str1.4
                0x10007f54       0x7d CMakeFiles/HelloAndBlink.dir/C_/Program_Files/Raspberry_Pi/Pico_SDK_v1.5.1/pico-sdk/src/rp2_common/pico_runtime/runtime.c.obj
 .rodata._gettimeofday.str1.4
                0x10007fd1       0x7d CMakeFiles/HelloAndBlink.dir/C_/Program_Files/Raspberry_Pi/Pico_SDK_v1.5.1/pico-sdk/src/rp2_common/pico_runtime/runtime.c.obj
 *fill*         0x10007fd1        0x3 
 .rodata.panic.str1.4
                0x10007fd4       0x12 CMakeFiles/HelloAndBlink.dir/C_/Program_Files/Raspberry_Pi/Pico_SDK_v1.5.1/pico-sdk/src/rp2_common/pico_runtime/runtime.c.obj
 *fill*         0x10007fe6        0x2 
 .rodata.__func__.0
                0x10007fe8       0x15 CMakeFiles/HelloAndBlink.dir/C_/Program_Files/Raspberry_Pi/Pico_SDK_v1.5.1/pico-sdk/src/rp2_common/pico_runtime/runtime.c.obj
 *fill*         0x10007ffd        0x3 
 .rodata.__func__.2
                0x10008000        0xd CMakeFiles/HelloAndBlink.dir/C_/Program_Files/Raspberry_Pi/Pico_SDK_v1.5.1/pico-sdk/src/rp2_common/pico_runtime/runtime.c.obj
 *fill*         0x1000800d        0x3 
 .rodata._ftoa.str1.4
                0x10008010       0x15 CMakeFiles/HelloAndBlink.dir/C_/Program_Files/Raspberry_Pi/Pico_SDK_v1.5.1/pico-sdk/src/rp2_common/pico_printf/printf.c.obj
 *fill*         0x10008025        0x3 
 .rodata._vsnprintf
                0x10008028      0x1e0 CMakeFiles/HelloAndBlink.dir/C_/Program_Files/Raspberry_Pi/Pico_SDK_v1.5.1/pico-sdk/src/rp2_common/pico_printf/printf.c.obj
 .rodata.pow10.0
                0x10008208       0x50 CMakeFiles/HelloAndBlink.dir/C_/Program_Files/Raspberry_Pi/Pico_SDK_v1.5.1/pico-sdk/src/rp2_common/pico_printf/printf.c.obj
 .rodata.missing_double_func_shim.str1.4
                0x10008258       0x18 CMakeFiles/HelloAndBlink.dir/C_/Program_Files/Raspberry_Pi/Pico_SDK_v1.5.1/pico-sdk/src/rp2_common/pico_double/double_init_rom.c.obj
 .rodata.__aeabi_double_init.str1.4
                0x10008270       0xb8 CMakeFiles/HelloAndBlink.dir/C_/Program_Files/Raspberry_Pi/Pico_SDK_v1.5.1/pico-sdk/src/rp2_common/pico_double/double_init_rom.c.obj
 .rodata.__func__.0
                0x10008328       0x14 CMakeFiles/HelloAndBlink.dir/C_/Program_Files/Raspberry_Pi/Pico_SDK_v1.5.1/pico-sdk/src/rp2_common/pico_double/double_init_rom.c.obj
 .rodata.missing_float_func_shim.str1.4
                0x1000833c        0x1 CMakeFiles/HelloAndBlink.dir/C_/Program_Files/Raspberry_Pi/Pico_SDK_v1.5.1/pico-sdk/src/rp2_common/pico_float/float_init_rom.c.obj
 .rodata.__aeabi_float_init.str1.4
                0x1000833c       0x96 CMakeFiles/HelloAndBlink.dir/C_/Program_Files/Raspberry_Pi/Pico_SDK_v1.5.1/pico-sdk/src/rp2_common/pico_float/float_init_rom.c.obj
 *fill*         0x100083d2        0x2 
 .rodata.__func__.0
                0x100083d4       0x13 CMakeFiles/HelloAndBlink.dir/C_/Program_Files/Raspberry_Pi/Pico_SDK_v1.5.1/pico-sdk/src/rp2_common/pico_float/float_init_rom.c.obj
 *fill*         0x100083e7        0x1 
 .rodata.str1.4
                0x100083e8       0x44 CMakeFiles/HelloAndBlink.dir/C_/Program_Files/Raspberry_Pi/Pico_SDK_v1.5.1/pico-sdk/src/rp2_common/pico_standard_link/binary_info.c.obj
 .rodata.__bi_44
                0x1000842c        0xc CMakeFiles/HelloAndBlink.dir/C_/Program_Files/Raspberry_Pi/Pico_SDK_v1.5.1/pico-sdk/src/rp2_common/pico_standard_link/binary_info.c.obj
 .rodata.__bi_75
                0x10008438        0xc CMakeFiles/HelloAndBlink.dir/C_/Program_Files/Raspberry_Pi/Pico_SDK_v1.5.1/pico-sdk/src/rp2_common/pico_standard_link/binary_info.c.obj
 .rodata.__bi_81
                0x10008444        0xc CMakeFiles/HelloAndBlink.dir/C_/Program_Files/Raspberry_Pi/Pico_SDK_v1.5.1/pico-sdk/src/rp2_common/pico_standard_link/binary_info.c.obj
 .rodata.stdout_serialize_begin.str1.4
                0x10008450       0x7d CMakeFiles/HelloAndBlink.dir/C_/Program_Files/Raspberry_Pi/Pico_SDK_v1.5.1/pico-sdk/src/rp2_common/pico_stdio/stdio.c.obj
 .rodata.__func__.3
                0x10008450       0x15 CMakeFiles/HelloAndBlink.dir/C_/Program_Files/Raspberry_Pi/Pico_SDK_v1.5.1/pico-sdk/src/rp2_common/pico_stdio/stdio.c.obj
 *fill*         0x10008465        0x3 
 .rodata.crlf_str.2
                0x10008468        0x2 CMakeFiles/HelloAndBlink.dir/C_/Program_Files/Raspberry_Pi/Pico_SDK_v1.5.1/pico-sdk/src/rp2_common/pico_stdio/stdio.c.obj
 *fill*         0x1000846a        0x2 
 .rodata._resetd_driver
                0x1000846c       0x18 CMakeFiles/HelloAndBlink.dir/C_/Program_Files/Raspberry_Pi/Pico_SDK_v1.5.1/pico-sdk/src/rp2_common/pico_stdio_usb/reset_interface.c.obj
 .rodata.low_priority_worker_irq.str1.4
                0x10008484       0x7d CMakeFiles/HelloAndBlink.dir/C_/Program_Files/Raspberry_Pi/Pico_SDK_v1.5.1/pico-sdk/src/rp2_common/pico_stdio_usb/stdio_usb.c.obj
 .rodata.stdio_usb_init.str1.4
                0x10008484       0x61 CMakeFiles/HelloAndBlink.dir/C_/Program_Files/Raspberry_Pi/Pico_SDK_v1.5.1/pico-sdk/src/rp2_common/pico_stdio_usb/stdio_usb.c.obj
                                 0x69 (size before relaxing)
 *fill*         0x100084e5        0x3 
 .rodata.str1.4
                0x100084e8       0x13 CMakeFiles/HelloAndBlink.dir/C_/Program_Files/Raspberry_Pi/Pico_SDK_v1.5.1/pico-sdk/src/rp2_common/pico_stdio_usb/stdio_usb.c.obj
 *fill*         0x100084fb        0x1 
 .rodata.__bi_182.0
                0x100084fc        0xc CMakeFiles/HelloAndBlink.dir/C_/Program_Files/Raspberry_Pi/Pico_SDK_v1.5.1/pico-sdk/src/rp2_common/pico_stdio_usb/stdio_usb.c.obj
 .rodata.__func__.1
                0x10008508        0xf CMakeFiles/HelloAndBlink.dir/C_/Program_Files/Raspberry_Pi/Pico_SDK_v1.5.1/pico-sdk/src/rp2_common/pico_stdio_usb/stdio_usb.c.obj
 *fill*         0x10008517        0x1 
 .rodata.__func__.3
                0x10008518       0x15 CMakeFiles/HelloAndBlink.dir/C_/Program_Files/Raspberry_Pi/Pico_SDK_v1.5.1/pico-sdk/src/rp2_common/pico_stdio_usb/stdio_usb.c.obj
 *fill*         0x1000852d        0x3 
 .rodata.str1.4
                0x10008530       0x2a CMakeFiles/HelloAndBlink.dir/ae783cfadb10a0055c655bcf0b179659/pico-sdk/src/rp2_common/pico_stdio_usb/stdio_usb_descriptors.c.obj
 *fill*         0x1000855a        0x2 
 .rodata.usbd_desc_cfg
                0x1000855c       0x54 CMakeFiles/HelloAndBlink.dir/ae783cfadb10a0055c655bcf0b179659/pico-sdk/src/rp2_common/pico_stdio_usb/stdio_usb_descriptors.c.obj
 .rodata.usbd_desc_device
                0x100085b0       0x12 CMakeFiles/HelloAndBlink.dir/ae783cfadb10a0055c655bcf0b179659/pico-sdk/src/rp2_common/pico_stdio_usb/stdio_usb_descriptors.c.obj
 *fill*         0x100085c2        0x2 
 .rodata.usbd_desc_str
                0x100085c4       0x18 CMakeFiles/HelloAndBlink.dir/ae783cfadb10a0055c655bcf0b179659/pico-sdk/src/rp2_common/pico_stdio_usb/stdio_usb_descriptors.c.obj
 .rodata.pico_get_unique_board_id_string.str1.4
                0x100085dc       0x69 CMakeFiles/HelloAndBlink.dir/C_/Program_Files/Raspberry_Pi/Pico_SDK_v1.5.1/pico-sdk/src/rp2_common/pico_unique_id/unique_id.c.obj
 *fill*         0x10008645        0x3 
 .rodata.__func__.0
                0x10008648       0x20 CMakeFiles/HelloAndBlink.dir/C_/Program_Files/Raspberry_Pi/Pico_SDK_v1.5.1/pico-sdk/src/rp2_common/pico_unique_id/unique_id.c.obj
 .rodata.str1.4
                0x10008668      0x176 CMakeFiles/HelloAndBlink.dir/C_/Program_Files/Raspberry_Pi/Pico_SDK_v1.5.1/pico-sdk/src/rp2_common/hardware_flash/flash.c.obj
 *fill*         0x100087de        0x2 
 .rodata.__func__.0
                0x100087e0        0xd CMakeFiles/HelloAndBlink.dir/C_/Program_Files/Raspberry_Pi/Pico_SDK_v1.5.1/pico-sdk/src/rp2_common/hardware_flash/flash.c.obj
 *fill*         0x100087ed        0x3 
 .rodata._hw_endpoint_alloc.str1.4
                0x100087f0       0xd1 CMakeFiles/HelloAndBlink.dir/ae783cfadb10a0055c655bcf0b179659/pico-sdk/lib/tinyusb/src/portable/raspberrypi/rp2040/dcd_rp2040.c.obj
 *fill*         0x100088c1        0x3 
 .rodata.str1.4
                0x100088c4       0x14 CMakeFiles/HelloAndBlink.dir/ae783cfadb10a0055c655bcf0b179659/pico-sdk/lib/tinyusb/src/portable/raspberrypi/rp2040/dcd_rp2040.c.obj
 .rodata.dcd_int_enable.str1.4
                0x100088d8        0xc CMakeFiles/HelloAndBlink.dir/ae783cfadb10a0055c655bcf0b179659/pico-sdk/lib/tinyusb/src/portable/raspberrypi/rp2040/dcd_rp2040.c.obj
 .rodata.__func__.0
                0x100088e4        0xe CMakeFiles/HelloAndBlink.dir/ae783cfadb10a0055c655bcf0b179659/pico-sdk/lib/tinyusb/src/portable/raspberrypi/rp2040/dcd_rp2040.c.obj
 *fill*         0x100088f2        0x2 
 .rodata.__func__.1
                0x100088f4        0xe CMakeFiles/HelloAndBlink.dir/ae783cfadb10a0055c655bcf0b179659/pico-sdk/lib/tinyusb/src/portable/raspberrypi/rp2040/dcd_rp2040.c.obj
 *fill*         0x10008902        0x2 
 .rodata.__func__.3
                0x10008904       0x10 CMakeFiles/HelloAndBlink.dir/ae783cfadb10a0055c655bcf0b179659/pico-sdk/lib/tinyusb/src/portable/raspberrypi/rp2040/dcd_rp2040.c.obj
 .rodata.__func__.5
                0x10008914        0xf CMakeFiles/HelloAndBlink.dir/ae783cfadb10a0055c655bcf0b179659/pico-sdk/lib/tinyusb/src/portable/raspberrypi/rp2040/dcd_rp2040.c.obj
 *fill*         0x10008923        0x1 
 .rodata.__func__.6
                0x10008924       0x13 CMakeFiles/HelloAndBlink.dir/ae783cfadb10a0055c655bcf0b179659/pico-sdk/lib/tinyusb/src/portable/raspberrypi/rp2040/dcd_rp2040.c.obj
 *fill*         0x10008937        0x1 
 .rodata.__func__.7
                0x10008938        0x9 CMakeFiles/HelloAndBlink.dir/ae783cfadb10a0055c655bcf0b179659/pico-sdk/lib/tinyusb/src/portable/raspberrypi/rp2040/dcd_rp2040.c.obj
 *fill*         0x10008941        0x3 
 .rodata.str1.4
                0x10008944      0x103 CMakeFiles/HelloAndBlink.dir/ae783cfadb10a0055c655bcf0b179659/pico-sdk/lib/tinyusb/src/portable/raspberrypi/rp2040/rp2040_usb.c.obj
 *fill*         0x10008a47        0x1 
 .rodata.__func__.0
                0x10008a48        0xf CMakeFiles/HelloAndBlink.dir/ae783cfadb10a0055c655bcf0b179659/pico-sdk/lib/tinyusb/src/portable/raspberrypi/rp2040/rp2040_usb.c.obj
 *fill*         0x10008a57        0x1 
 .rodata.process_get_descriptor
                0x10008a58       0x40 CMakeFiles/HelloAndBlink.dir/C_/Program_Files/Raspberry_Pi/Pico_SDK_v1.5.1/pico-sdk/lib/tinyusb/src/device/usbd.c.obj
 .rodata.process_control_request
                0x10008a98       0x28 CMakeFiles/HelloAndBlink.dir/C_/Program_Files/Raspberry_Pi/Pico_SDK_v1.5.1/pico-sdk/lib/tinyusb/src/device/usbd.c.obj
 .rodata.tud_task_ext
                0x10008ac0       0x24 CMakeFiles/HelloAndBlink.dir/C_/Program_Files/Raspberry_Pi/Pico_SDK_v1.5.1/pico-sdk/lib/tinyusb/src/device/usbd.c.obj
 .rodata._usbd_driver
                0x10008ae4       0x18 CMakeFiles/HelloAndBlink.dir/C_/Program_Files/Raspberry_Pi/Pico_SDK_v1.5.1/pico-sdk/lib/tinyusb/src/device/usbd.c.obj
                0x10008afc                . = ALIGN (0x4)
 *(SORT_BY_ALIGNMENT(SORT_BY_NAME(.flashdata*)))
                0x10008afc                . = ALIGN (0x4)

.ARM.extab
 *(.ARM.extab* .gnu.linkonce.armextab.*)
                0x10008afc                __exidx_start = .

.ARM.exidx
 *(.ARM.exidx* .gnu.linkonce.armexidx.*)
                0x10008afc                __exidx_end = .
                0x10008afc                . = ALIGN (0x4)
                0x10008afc                __binary_info_start = .

.binary_info    0x10008afc       0x20
 *(.binary_info.keep.*)
 .binary_info.keep.__bi_ptr22
                0x10008afc        0x4 CMakeFiles/HelloAndBlink.dir/C_/Program_Files/Raspberry_Pi/Pico_SDK_v1.5.1/pico-sdk/src/rp2_common/pico_standard_link/binary_info.c.obj
 .binary_info.keep.__bi_ptr30
                0x10008b00        0x4 CMakeFiles/HelloAndBlink.dir/C_/Program_Files/Raspberry_Pi/Pico_SDK_v1.5.1/pico-sdk/src/rp2_common/pico_standard_link/binary_info.c.obj
 .binary_info.keep.__bi_ptr38
                0x10008b04        0x4 CMakeFiles/HelloAndBlink.dir/C_/Program_Files/Raspberry_Pi/Pico_SDK_v1.5.1/pico-sdk/src/rp2_common/pico_standard_link/binary_info.c.obj
 .binary_info.keep.__bi_ptr44
                0x10008b08        0x4 CMakeFiles/HelloAndBlink.dir/C_/Program_Files/Raspberry_Pi/Pico_SDK_v1.5.1/pico-sdk/src/rp2_common/pico_standard_link/binary_info.c.obj
 .binary_info.keep.__bi_ptr50
                0x10008b0c        0x4 CMakeFiles/HelloAndBlink.dir/C_/Program_Files/Raspberry_Pi/Pico_SDK_v1.5.1/pico-sdk/src/rp2_common/pico_standard_link/binary_info.c.obj
 .binary_info.keep.__bi_ptr75
                0x10008b10        0x4 CMakeFiles/HelloAndBlink.dir/C_/Program_Files/Raspberry_Pi/Pico_SDK_v1.5.1/pico-sdk/src/rp2_common/pico_standard_link/binary_info.c.obj
 .binary_info.keep.__bi_ptr81
                0x10008b14        0x4 CMakeFiles/HelloAndBlink.dir/C_/Program_Files/Raspberry_Pi/Pico_SDK_v1.5.1/pico-sdk/src/rp2_common/pico_standard_link/binary_info.c.obj
 *(.binary_info.*)
 .binary_info.__bi_ptr182
                0x10008b18        0x4 CMakeFiles/HelloAndBlink.dir/C_/Program_Files/Raspberry_Pi/Pico_SDK_v1.5.1/pico-sdk/src/rp2_common/pico_stdio_usb/stdio_usb.c.obj
                0x10008b1c                __binary_info_end = .

.rel.dyn        0x10008b1c        0x0
 .rel.iplt      0x10008b1c        0x0 c:/progra~1/raspbe~1/picosd~1.1/gcc-ar~1/bin/../lib/gcc/arm-none-eabi/10.3.1/thumb/v6-m/nofp/crtbegin.o
                0x10008b1c                . = ALIGN (0x4)

.ram_vector_table
                0x20000000       0xc0
 *(.ram_vector_table)
 .ram_vector_table
                0x20000000       0xc0 CMakeFiles/HelloAndBlink.dir/C_/Program_Files/Raspberry_Pi/Pico_SDK_v1.5.1/pico-sdk/src/rp2_common/pico_runtime/runtime.c.obj
                0x20000000                ram_vector_table

.data           0x200000c0     0x1020 load address 0x10008b1c
                0x200000c0                __data_start__ = .
 *(vtable)
 *(.time_critical*)
 .time_critical.mutex_try_enter
                0x200000c0       0x46 CMakeFiles/HelloAndBlink.dir/C_/Program_Files/Raspberry_Pi/Pico_SDK_v1.5.1/pico-sdk/src/common/pico_sync/mutex.c.obj
                0x200000c0                mutex_try_enter
 *fill*         0x20000106        0x2 
 .time_critical.mutex_enter_block_until
                0x20000108       0x8c CMakeFiles/HelloAndBlink.dir/C_/Program_Files/Raspberry_Pi/Pico_SDK_v1.5.1/pico-sdk/src/common/pico_sync/mutex.c.obj
                0x20000108                mutex_enter_block_until
 .time_critical.mutex_try_enter_block_until
                0x20000194       0x34 CMakeFiles/HelloAndBlink.dir/C_/Program_Files/Raspberry_Pi/Pico_SDK_v1.5.1/pico-sdk/src/common/pico_sync/mutex.c.obj
                0x20000194                mutex_try_enter_block_until
 .time_critical.mutex_enter_timeout_ms
                0x200001c8       0x68 CMakeFiles/HelloAndBlink.dir/C_/Program_Files/Raspberry_Pi/Pico_SDK_v1.5.1/pico-sdk/src/common/pico_sync/mutex.c.obj
                0x200001c8                mutex_enter_timeout_ms
 .time_critical.mutex_exit
                0x20000230       0x4c CMakeFiles/HelloAndBlink.dir/C_/Program_Files/Raspberry_Pi/Pico_SDK_v1.5.1/pico-sdk/src/common/pico_sync/mutex.c.obj
                0x20000230                mutex_exit
 .time_critical.flash_init_boot2_copyout
                0x2000027c       0x30 CMakeFiles/HelloAndBlink.dir/C_/Program_Files/Raspberry_Pi/Pico_SDK_v1.5.1/pico-sdk/src/rp2_common/hardware_flash/flash.c.obj
 .time_critical.flash_enable_xip_via_boot2
                0x200002ac       0x10 CMakeFiles/HelloAndBlink.dir/C_/Program_Files/Raspberry_Pi/Pico_SDK_v1.5.1/pico-sdk/src/rp2_common/hardware_flash/flash.c.obj
 .time_critical.flash_cs_force
                0x200002bc       0x28 CMakeFiles/HelloAndBlink.dir/C_/Program_Files/Raspberry_Pi/Pico_SDK_v1.5.1/pico-sdk/src/rp2_common/hardware_flash/flash.c.obj
 .time_critical.flash_do_cmd
                0x200002e4       0xd8 CMakeFiles/HelloAndBlink.dir/C_/Program_Files/Raspberry_Pi/Pico_SDK_v1.5.1/pico-sdk/src/rp2_common/hardware_flash/flash.c.obj
                0x200002e4                flash_do_cmd
 .time_critical.reset_non_control_endpoints
                0x200003bc       0x40 CMakeFiles/HelloAndBlink.dir/ae783cfadb10a0055c655bcf0b179659/pico-sdk/lib/tinyusb/src/portable/raspberrypi/rp2040/dcd_rp2040.c.obj
 .time_critical.hw_handle_buff_status
                0x200003fc       0xa4 CMakeFiles/HelloAndBlink.dir/ae783cfadb10a0055c655bcf0b179659/pico-sdk/lib/tinyusb/src/portable/raspberrypi/rp2040/dcd_rp2040.c.obj
 .time_critical.dcd_rp2040_irq
                0x200004a0      0x1cc CMakeFiles/HelloAndBlink.dir/ae783cfadb10a0055c655bcf0b179659/pico-sdk/lib/tinyusb/src/portable/raspberrypi/rp2040/dcd_rp2040.c.obj
 .time_critical.e15_is_bulkin_ep
                0x2000066c       0x2c CMakeFiles/HelloAndBlink.dir/ae783cfadb10a0055c655bcf0b179659/pico-sdk/lib/tinyusb/src/portable/raspberrypi/rp2040/rp2040_usb.c.obj
 .time_critical.e15_is_critical_frame_period
                0x20000698       0x30 CMakeFiles/HelloAndBlink.dir/ae783cfadb10a0055c655bcf0b179659/pico-sdk/lib/tinyusb/src/portable/raspberrypi/rp2040/rp2040_usb.c.obj
 .time_critical.prepare_ep_buffer
                0x200006c8       0x70 CMakeFiles/HelloAndBlink.dir/ae783cfadb10a0055c655bcf0b179659/pico-sdk/lib/tinyusb/src/portable/raspberrypi/rp2040/rp2040_usb.c.obj
 .time_critical.sync_ep_buffer